Archive member included to satisfy reference by file (symbol)

/usr/bin/../lib/gcc/arm-none-eabi/12.3.1/../../../../arm-none-eabi/lib/thumb/v7e-m+fp/hard/libstdc++_nano.a(eh_personality.o)
                              ../../Build/m7/m7/main_m7.o (__gxx_personality_v0)
/usr/bin/../lib/gcc/arm-none-eabi/12.3.1/../../../../arm-none-eabi/lib/thumb/v7e-m+fp/hard/libstdc++_nano.a(eh_terminate.o)
                              /usr/bin/../lib/gcc/arm-none-eabi/12.3.1/../../../../arm-none-eabi/lib/thumb/v7e-m+fp/hard/libstdc++_nano.a(eh_personality.o) (std::terminate())
/usr/bin/../lib/gcc/arm-none-eabi/12.3.1/../../../../arm-none-eabi/lib/thumb/v7e-m+fp/hard/libstdc++_nano.a(eh_unex_handler.o)
                              /usr/bin/../lib/gcc/arm-none-eabi/12.3.1/../../../../arm-none-eabi/lib/thumb/v7e-m+fp/hard/libstdc++_nano.a(eh_terminate.o) (__cxxabiv1::__unexpected_handler)
/usr/bin/../lib/gcc/arm-none-eabi/12.3.1/../../../../arm-none-eabi/lib/thumb/v7e-m+fp/hard/libstdc++_nano.a(eh_arm.o)
                              /usr/bin/../lib/gcc/arm-none-eabi/12.3.1/../../../../arm-none-eabi/lib/thumb/v7e-m+fp/hard/libstdc++_nano.a(eh_personality.o) (__cxa_type_match)
/usr/bin/../lib/gcc/arm-none-eabi/12.3.1/../../../../arm-none-eabi/lib/thumb/v7e-m+fp/hard/libstdc++_nano.a(eh_call.o)
                              /usr/bin/../lib/gcc/arm-none-eabi/12.3.1/../../../../arm-none-eabi/lib/thumb/v7e-m+fp/hard/libstdc++_nano.a(eh_personality.o) (__cxa_call_terminate)
/usr/bin/../lib/gcc/arm-none-eabi/12.3.1/../../../../arm-none-eabi/lib/thumb/v7e-m+fp/hard/libstdc++_nano.a(eh_catch.o)
                              /usr/bin/../lib/gcc/arm-none-eabi/12.3.1/../../../../arm-none-eabi/lib/thumb/v7e-m+fp/hard/libstdc++_nano.a(eh_call.o) (__cxa_begin_catch)
/usr/bin/../lib/gcc/arm-none-eabi/12.3.1/../../../../arm-none-eabi/lib/thumb/v7e-m+fp/hard/libstdc++_nano.a(eh_exception.o)
                              /usr/bin/../lib/gcc/arm-none-eabi/12.3.1/../../../../arm-none-eabi/lib/thumb/v7e-m+fp/hard/libstdc++_nano.a(eh_arm.o) (typeinfo for __cxxabiv1::__forced_unwind)
/usr/bin/../lib/gcc/arm-none-eabi/12.3.1/../../../../arm-none-eabi/lib/thumb/v7e-m+fp/hard/libstdc++_nano.a(eh_globals.o)
                              /usr/bin/../lib/gcc/arm-none-eabi/12.3.1/../../../../arm-none-eabi/lib/thumb/v7e-m+fp/hard/libstdc++_nano.a(eh_catch.o) (__cxa_get_globals_fast)
/usr/bin/../lib/gcc/arm-none-eabi/12.3.1/../../../../arm-none-eabi/lib/thumb/v7e-m+fp/hard/libstdc++_nano.a(eh_term_handler.o)
                              /usr/bin/../lib/gcc/arm-none-eabi/12.3.1/../../../../arm-none-eabi/lib/thumb/v7e-m+fp/hard/libstdc++_nano.a(eh_terminate.o) (__cxxabiv1::__terminate_handler)
/usr/bin/../lib/gcc/arm-none-eabi/12.3.1/../../../../arm-none-eabi/lib/thumb/v7e-m+fp/hard/libstdc++_nano.a(si_class_type_info.o)
                              /usr/bin/../lib/gcc/arm-none-eabi/12.3.1/../../../../arm-none-eabi/lib/thumb/v7e-m+fp/hard/libstdc++_nano.a(eh_exception.o) (vtable for __cxxabiv1::__si_class_type_info)
/usr/bin/../lib/gcc/arm-none-eabi/12.3.1/../../../../arm-none-eabi/lib/thumb/v7e-m+fp/hard/libstdc++_nano.a(tinfo.o)
                              /usr/bin/../lib/gcc/arm-none-eabi/12.3.1/../../../../arm-none-eabi/lib/thumb/v7e-m+fp/hard/libstdc++_nano.a(si_class_type_info.o) (std::type_info::__is_pointer_p() const)
/usr/bin/../lib/gcc/arm-none-eabi/12.3.1/../../../../arm-none-eabi/lib/thumb/v7e-m+fp/hard/libstdc++_nano.a(atexit_arm.o)
                              /usr/bin/../lib/gcc/arm-none-eabi/12.3.1/../../../../arm-none-eabi/lib/thumb/v7e-m+fp/hard/libstdc++_nano.a(eh_globals.o) (__aeabi_atexit)
/usr/bin/../lib/gcc/arm-none-eabi/12.3.1/../../../../arm-none-eabi/lib/thumb/v7e-m+fp/hard/libstdc++_nano.a(class_type_info.o)
                              /usr/bin/../lib/gcc/arm-none-eabi/12.3.1/../../../../arm-none-eabi/lib/thumb/v7e-m+fp/hard/libstdc++_nano.a(si_class_type_info.o) (__cxxabiv1::__class_type_info::__do_upcast(__cxxabiv1::__class_type_info const*, void**) const)
/usr/bin/../lib/gcc/arm-none-eabi/12.3.1/../../../../arm-none-eabi/lib/thumb/v7e-m+fp/hard/libstdc++_nano.a(del_ops.o)
                              /usr/bin/../lib/gcc/arm-none-eabi/12.3.1/../../../../arm-none-eabi/lib/thumb/v7e-m+fp/hard/libstdc++_nano.a(eh_exception.o) (operator delete(void*, unsigned int))
/usr/bin/../lib/gcc/arm-none-eabi/12.3.1/../../../../arm-none-eabi/lib/thumb/v7e-m+fp/hard/libstdc++_nano.a(del_op.o)
                              /usr/bin/../lib/gcc/arm-none-eabi/12.3.1/../../../../arm-none-eabi/lib/thumb/v7e-m+fp/hard/libstdc++_nano.a(del_ops.o) (operator delete(void*))
/usr/bin/../lib/gcc/arm-none-eabi/12.3.1/../../../../arm-none-eabi/lib/thumb/v7e-m+fp/hard/libc_nano.a(libc_a-exit.o)
                              /usr/bin/../lib/gcc/arm-none-eabi/12.3.1/../../../../arm-none-eabi/lib/thumb/v7e-m+fp/hard/crt0.o (exit)
/usr/bin/../lib/gcc/arm-none-eabi/12.3.1/../../../../arm-none-eabi/lib/thumb/v7e-m+fp/hard/libc_nano.a(libc_a-init.o)
[...]
Memory Configuration

Name             Origin             Length             Attributes
FLASH            0x08000000         0x00100000         xr
RAM              0x20000000         0x00020000         xrw
ITCMRAM          0x00000000         0x00010000         xrw
*default*        0x00000000         0xffffffff

Linker script and memory map

LOAD /usr/bin/../lib/gcc/arm-none-eabi/12.3.1/thumb/v7e-m+fp/hard/crti.o
LOAD /usr/bin/../lib/gcc/arm-none-eabi/12.3.1/thumb/v7e-m+fp/hard/crtbegin.o
LOAD /usr/bin/../lib/gcc/arm-none-eabi/12.3.1/../../../../arm-none-eabi/lib/thumb/v7e-m+fp/hard/crt0.o
LOAD ../../Build/m7/m7/main_m7.o
LOAD ../../Build/m7/Common/sysmem.o
LOAD ../../Build/m7/Common/syscalls.o
LOAD ../../Build/m7/Startup/startup_stm32h755xx.o
START GROUP
LOAD /usr/bin/../lib/gcc/arm-none-eabi/12.3.1/../../../../arm-none-eabi/lib/thumb/v7e-m+fp/hard/libstdc++_nano.a
LOAD /usr/bin/../lib/gcc/arm-none-eabi/12.3.1/../../../../arm-none-eabi/lib/thumb/v7e-m+fp/hard/libsupc++_nano.a
END GROUP
LOAD /usr/bin/../lib/gcc/arm-none-eabi/12.3.1/../../../../arm-none-eabi/lib/thumb/v7e-m+fp/hard/libstdc++_nano.a
LOAD /usr/bin/../lib/gcc/arm-none-eabi/12.3.1/../../../../arm-none-eabi/lib/thumb/v7e-m+fp/hard/libm.a
LOAD /usr/bin/../lib/gcc/arm-none-eabi/12.3.1/../../../../arm-none-eabi/lib/thumb/v7e-m+fp/hard/libc_nano.a
START GROUP
LOAD /usr/bin/../lib/gcc/arm-none-eabi/12.3.1/thumb/v7e-m+fp/hard/libgcc.a
LOAD /usr/bin/../lib/gcc/arm-none-eabi/12.3.1/../../../../arm-none-eabi/lib/thumb/v7e-m+fp/hard/libc_nano.a
END GROUP
START GROUP
LOAD /usr/bin/../lib/gcc/arm-none-eabi/12.3.1/thumb/v7e-m+fp/hard/libgcc.a
LOAD /usr/bin/../lib/gcc/arm-none-eabi/12.3.1/../../../../arm-none-eabi/lib/thumb/v7e-m+fp/hard/libc_nano.a
END GROUP
LOAD /usr/bin/../lib/gcc/arm-none-eabi/12.3.1/thumb/v7e-m+fp/hard/crtend.o
LOAD /usr/bin/../lib/gcc/arm-none-eabi/12.3.1/thumb/v7e-m+fp/hard/crtn.o
                0x20020000                        _estack = 0x20020000
                0x00000200                        _Min_Heap_Size = 0x200
                0x00000400                        _Min_Stack_Size = 0x400

.isr_vector     0x08000000      0x298
                0x08000000                        . = ALIGN (0x4)
 *(.isr_vector)
 .isr_vector    0x08000000      0x298 ../../Build/m7/Startup/startup_stm32h755xx.o
                0x08000000                g_pfnVectors
                0x08000298                        . = ALIGN (0x4)

.text           0x08000298     0x2a70
                0x08000298                        . = ALIGN (0x4)
 *(.text)
 .text          0x08000298        0x0 /usr/bin/../lib/gcc/arm-none-eabi/12.3.1/thumb/v7e-m+fp/hard/crti.o
 .text          0x08000298        0x0 /usr/bin/../lib/gcc/arm-none-eabi/12.3.1/thumb/v7e-m+fp/hard/crtbegin.o
 .text          0x08000298       0x7c /usr/bin/../lib/gcc/arm-none-eabi/12.3.1/../../../../arm-none-eabi/lib/thumb/v7e-m+fp/hard/crt0.o
                0x08000298                _stack_init
                0x080002a0                _mainCRTStartup
                0x080002a0                _start
 .text          0x08000314        0x0 ../../Build/m7/m7/main_m7.o
 .text          0x08000314        0x0 ../../Build/m7/Common/sysmem.o
 .text          0x08000314        0x0 ../../Build/m7/Common/syscalls.o
 .text          0x08000314       0x14 ../../Build/m7/Startup/startup_stm32h755xx.o
 .text          0x08000328        0x0 /usr/bin/../lib/gcc/arm-none-eabi/12.3.1/../../../../arm-none-eabi/lib/thumb/v7e-m+fp/hard/libstdc++_nano.a(eh_personality.o)
 .text          0x08000328        0x0 /usr/bin/../lib/gcc/arm-none-eabi/12.3.1/../../../../arm-none-eabi/lib/thumb/v7e-m+fp/hard/libstdc++_nano.a(eh_terminate.o)
 .text          0x08000328        0x0 /usr/bin/../lib/gcc/arm-none-eabi/12.3.1/../../../../arm-none-eabi/lib/thumb/v7e-m+fp/hard/libstdc++_nano.a(eh_unex_handler.o)
 .text          0x08000328        0x0 /usr/bin/../lib/gcc/arm-none-eabi/12.3.1/../../../../arm-none-eabi/lib/thumb/v7e-m+fp/hard/libstdc++_nano.a(eh_arm.o)
 .text          0x08000328        0x0 /usr/bin/../lib/gcc/arm-none-eabi/12.3.1/../../../../arm-none-eabi/lib/thumb/v7e-m+fp/hard/libstdc++_nano.a(eh_call.o)
 .text          0x08000328        0x0 /usr/bin/../lib/gcc/arm-none-eabi/12.3.1/../../../../arm-none-eabi/lib/thumb/v7e-m+fp/hard/libstdc++_nano.a(eh_catch.o)
 .text          0x08000328        0x0 /usr/bin/../lib/gcc/arm-none-eabi/12.3.1/../../../../arm-none-eabi/lib/thumb/v7e-m+fp/hard/libstdc++_nano.a(eh_exception.o)
 .text          0x08000328        0x0 /usr/bin/../lib/gcc/arm-none-eabi/12.3.1/../../../../arm-none-eabi/lib/thumb/v7e-m+fp/hard/libstdc++_nano.a(eh_globals.o)
 .text          0x08000328        0x0 /usr/bin/../lib/gcc/arm-none-eabi/12.3.1/../../../../arm-none-eabi/lib/thumb/v7e-m+fp/hard/libstdc++_nano.a(eh_term_handler.o)
 .text          0x08000328        0x0 /usr/bin/../lib/gcc/arm-none-eabi/12.3.1/../../../../arm-none-eabi/lib/thumb/v7e-m+fp/hard/libstdc++_nano.a(si_class_type_info.o)
 .text          0x08000328        0x0 /usr/bin/../lib/gcc/arm-none-eabi/12.3.1/../../../../arm-none-eabi/lib/thumb/v7e-m+fp/hard/libstdc++_nano.a(tinfo.o)
 .text          0x08000328        0x0 /usr/bin/../lib/gcc/arm-none-eabi/12.3.1/../../../../arm-none-eabi/lib/thumb/v7e-m+fp/hard/libstdc++_nano.a(atexit_arm.o)
 .text          0x08000328        0x0 /usr/bin/../lib/gcc/arm-none-eabi/12.3.1/../../../../arm-none-eabi/lib/thumb/v7e-m+fp/hard/libstdc++_nano.a(class_type_info.o)
 .text          0x08000328        0x0 /usr/bin/../lib/gcc/arm-none-eabi/12.3.1/../../../../arm-none-eabi/lib/thumb/v7e-m+fp/hard/libstdc++_nano.a(del_ops.o)
 .text          0x08000328        0x0 /usr/bin/../lib/gcc/arm-none-eabi/12.3.1/../../../../arm-none-eabi/lib/thumb/v7e-m+fp/hard/libstdc++_nano.a(del_op.o)
 .text          0x08000328        0x0 /usr/bin/../lib/gcc/arm-none-eabi/12.3.1/../../../../arm-none-eabi/lib/thumb/v7e-m+fp/hard/libc_nano.a(libc_a-exit.o)
 .text          0x08000328        0x0 /usr/bin/../lib/gcc/arm-none-eabi/12.3.1/../../../../arm-none-eabi/lib/thumb/v7e-m+fp/hard/libc_nano.a(libc_a-init.o)
 .text          0x08000328       0x14 /usr/bin/../lib/gcc/arm-none-eabi/12.3.1/../../../../arm-none-eabi/lib/thumb/v7e-m+fp/hard/libc_nano.a(libc_a-strcmp.o)
                0x08000328                strcmp
 .text          0x0800033c        0x0 /usr/bin/../lib/gcc/arm-none-eabi/12.3.1/../../../../arm-none-eabi/lib/thumb/v7e-m+fp/hard/libc_nano.a(libc_a-malloc.o)
 .text          0x0800033c        0x0 /usr/bin/../lib/gcc/arm-none-eabi/12.3.1/../../../../arm-none-eabi/lib/thumb/v7e-m+fp/hard/libc_nano.a(libc_a-mallocr.o)
 .text          0x0800033c        0x0 /usr/bin/../lib/gcc/arm-none-eabi/12.3.1/../../../../arm-none-eabi/lib/thumb/v7e-m+fp/hard/libc_nano.a(libc_a-abort.o)
 .text          0x0800033c        0x0 /usr/bin/../lib/gcc/arm-none-eabi/12.3.1/../../../../arm-none-eabi/lib/thumb/v7e-m+fp/hard/libc_nano.a(libc_a-cxa_atexit.o)
 .text          0x0800033c        0x0 /usr/bin/../lib/gcc/arm-none-eabi/12.3.1/../../../../arm-none-eabi/lib/thumb/v7e-m+fp/hard/libc_nano.a(libc_a-findfp.o)
 .text          0x0800033c        0x0 /usr/bin/../lib/gcc/arm-none-eabi/12.3.1/../../../../arm-none-eabi/lib/thumb/v7e-m+fp/hard/libc_nano.a(libc_a-stdio.o)
 .text          0x0800033c        0x0 /usr/bin/../lib/gcc/arm-none-eabi/12.3.1/../../../../arm-none-eabi/lib/thumb/v7e-m+fp/hard/libc_nano.a(libc_a-mlock.o)
 .text          0x0800033c        0x0 /usr/bin/../lib/gcc/arm-none-eabi/12.3.1/../../../../arm-none-eabi/lib/thumb/v7e-m+fp/hard/libc_nano.a(libc_a-on_exit_args.o)
 .text          0x0800033c        0x0 /usr/bin/../lib/gcc/arm-none-eabi/12.3.1/../../../../arm-none-eabi/lib/thumb/v7e-m+fp/hard/libc_nano.a(libc_a-sbrkr.o)
 .text          0x0800033c        0x0 /usr/bin/../lib/gcc/arm-none-eabi/12.3.1/../../../../arm-none-eabi/lib/thumb/v7e-m+fp/hard/libc_nano.a(libc_a-writer.o)
 .text          0x0800033c        0x0 /usr/bin/../lib/gcc/arm-none-eabi/12.3.1/../../../../arm-none-eabi/lib/thumb/v7e-m+fp/hard/libc_nano.a(libc_a-errno.o)
 .text          0x0800033c        0x0 /usr/bin/../lib/gcc/arm-none-eabi/12.3.1/../../../../arm-none-eabi/lib/thumb/v7e-m+fp/hard/libc_nano.a(libc_a-fwalk.o)
 .text          0x0800033c        0x0 /usr/bin/../lib/gcc/arm-none-eabi/12.3.1/../../../../arm-none-eabi/lib/thumb/v7e-m+fp/hard/libc_nano.a(libc_a-memset.o)
 .text          0x0800033c        0x0 /usr/bin/../lib/gcc/arm-none-eabi/12.3.1/../../../../arm-none-eabi/lib/thumb/v7e-m+fp/hard/libc_nano.a(libc_a-freer.o)
 .text          0x0800033c        0x0 /usr/bin/../lib/gcc/arm-none-eabi/12.3.1/../../../../arm-none-eabi/lib/thumb/v7e-m+fp/hard/libc_nano.a(libc_a-lock.o)
 .text          0x0800033c        0x0 /usr/bin/../lib/gcc/arm-none-eabi/12.3.1/../../../../arm-none-eabi/lib/thumb/v7e-m+fp/hard/libc_nano.a(libc_a-closer.o)
 .text          0x0800033c        0x0 /usr/bin/../lib/gcc/arm-none-eabi/12.3.1/../../../../arm-none-eabi/lib/thumb/v7e-m+fp/hard/libc_nano.a(libc_a-reent.o)
 .text          0x0800033c        0x0 /usr/bin/../lib/gcc/arm-none-eabi/12.3.1/../../../../arm-none-eabi/lib/thumb/v7e-m+fp/hard/libc_nano.a(libc_a-impure.o)
 .text          0x0800033c        0x0 /usr/bin/../lib/gcc/arm-none-eabi/12.3.1/../../../../arm-none-eabi/lib/thumb/v7e-m+fp/hard/libc_nano.a(libc_a-fflush.o)
 .text          0x0800033c        0x0 /usr/bin/../lib/gcc/arm-none-eabi/12.3.1/../../../../arm-none-eabi/lib/thumb/v7e-m+fp/hard/libc_nano.a(libc_a-signal.o)
 .text          0x0800033c        0x0 /usr/bin/../lib/gcc/arm-none-eabi/12.3.1/../../../../arm-none-eabi/lib/thumb/v7e-m+fp/hard/libc_nano.a(libc_a-lseekr.o)
 .text          0x0800033c        0x0 /usr/bin/../lib/gcc/arm-none-eabi/12.3.1/../../../../arm-none-eabi/lib/thumb/v7e-m+fp/hard/libc_nano.a(libc_a-readr.o)
 .text          0x0800033c        0x0 /usr/bin/../lib/gcc/arm-none-eabi/12.3.1/../../../../arm-none-eabi/lib/thumb/v7e-m+fp/hard/libc_nano.a(libc_a-signalr.o)
 .text          0x0800033c        0x0 /usr/bin/../lib/gcc/arm-none-eabi/12.3.1/thumb/v7e-m+fp/hard/libgcc.a(unwind-arm.o)
 .text          0x0800033c      0x1ac /usr/bin/../lib/gcc/arm-none-eabi/12.3.1/thumb/v7e-m+fp/hard/libgcc.a(libunwind.o)
                0x0800033c                __restore_core_regs
                0x0800033c                restore_core_regs
                0x08000354                __gnu_Unwind_Restore_VFP
                0x0800035c                __gnu_Unwind_Save_VFP
                0x08000364                __gnu_Unwind_Restore_VFP_D
                0x0800036c                __gnu_Unwind_Save_VFP_D
                0x08000374                __gnu_Unwind_Restore_VFP_D_16_to_31
                0x0800037c                __gnu_Unwind_Save_VFP_D_16_to_31
                0x08000384                __gnu_Unwind_Restore_WMMXD
                0x080003c8                __gnu_Unwind_Save_WMMXD
                0x0800040c                __gnu_Unwind_Restore_WMMXC
                0x08000420                __gnu_Unwind_Save_WMMXC
                0x08000434                ___Unwind_RaiseException
                0x08000434                _Unwind_RaiseException
                0x08000458                ___Unwind_Resume
                0x08000458                _Unwind_Resume
                0x0800047c                _Unwind_Resume_or_Rethrow
                0x0800047c                ___Unwind_Resume_or_Rethrow
                0x080004a0                ___Unwind_ForcedUnwind
                0x080004a0                _Unwind_ForcedUnwind
                0x080004c4                _Unwind_Backtrace
                0x080004c4                ___Unwind_Backtrace
 .text          0x080004e8        0x0 /usr/bin/../lib/gcc/arm-none-eabi/12.3.1/thumb/v7e-m+fp/hard/libgcc.a(pr-support.o)
 .text          0x080004e8        0x0 /usr/bin/../lib/gcc/arm-none-eabi/12.3.1/../../../../arm-none-eabi/lib/thumb/v7e-m+fp/hard/libc_nano.a(libc_a-memcpy-stub.o)
 .text          0x080004e8        0x0 /usr/bin/../lib/gcc/arm-none-eabi/12.3.1/thumb/v7e-m+fp/hard/crtend.o
 .text          0x080004e8        0x0 /usr/bin/../lib/gcc/arm-none-eabi/12.3.1/thumb/v7e-m+fp/hard/crtn.o
 *(.text*)
 .text.deregister_tm_clones
                0x080004e8       0x1c /usr/bin/../lib/gcc/arm-none-eabi/12.3.1/thumb/v7e-m+fp/hard/crtbegin.o
 .text.register_tm_clones
                0x08000504       0x24 /usr/bin/../lib/gcc/arm-none-eabi/12.3.1/thumb/v7e-m+fp/hard/crtbegin.o
 .text.__do_global_dtors_aux
                0x08000528       0x28 /usr/bin/../lib/gcc/arm-none-eabi/12.3.1/thumb/v7e-m+fp/hard/crtbegin.o
 .text.frame_dummy
                0x08000550       0x24 /usr/bin/../lib/gcc/arm-none-eabi/12.3.1/thumb/v7e-m+fp/hard/crtbegin.o
 .text._ZL20__gthread_key_deletei
                0x08000574       0x16 ../../Build/m7/m7/main_m7.o
 *fill*         0x0800058a        0x2 
 .text._ZN15InputPinHandlerIA2_PVmEC1ERA2_KS1_
                0x0800058c       0x28 ../../Build/m7/m7/main_m7.o
                0x0800058c                InputPinHandler<unsigned long volatile* [2]>::InputPinHandler(unsigned long volatile* const (&) [2])
 .text._ZN21PeripheralHandlerBaseIN5Utils8TypeListIJ4pairIL18InputPinProperties0EbES2_ILS3_1EiEEEEA2_PVm15InputPinHandlerIS9_EEC2Ev
                0x080005b4       0x28 ../../Build/m7/m7/main_m7.o
                0x080005b4                PeripheralHandlerBase<Utils::TypeList<pair<(InputPinProperties)0, bool>, pair<(InputPinProperties)1, int> >, unsigned long volatile* [2], InputPinHandler<unsigned long volatile* [2]> >::PeripheralHandlerBase()
 .text._ZN20classMembersWithTagsIJ4pairIL18InputPinProperties0EbES0_ILS1_1EiEEEC1Ev
                0x080005dc       0x1a ../../Build/m7/m7/main_m7.o
                0x080005dc                classMembersWithTags<pair<(InputPinProperties)0, bool>, pair<(InputPinProperties)1, int> >::classMembersWithTags()
 .text._ZNSt5tupleIJbiEEC1ILb1ELb1EEEv
                0x080005f6       0x1a ../../Build/m7/m7/main_m7.o
                0x080005f6                std::tuple<bool, int>::tuple<true, true>()
 .text._ZNSt11_Tuple_implILj0EJbiEEC2Ev
                0x08000610       0x24 ../../Build/m7/m7/main_m7.o
                0x08000610                std::_Tuple_impl<0u, bool, int>::_Tuple_impl()
 .text._ZNSt11_Tuple_implILj1EJiEEC2Ev
                0x08000634       0x1a ../../Build/m7/m7/main_m7.o
                0x08000634                std::_Tuple_impl<1u, int>::_Tuple_impl()
 .text._ZNSt10_Head_baseILj1EiLb0EEC2Ev
                0x0800064e       0x1c ../../Build/m7/m7/main_m7.o
                0x0800064e                std::_Head_base<1u, int, false>::_Head_base()
 .text._ZNSt10_Head_baseILj0EbLb0EEC2Ev
                0x0800066a       0x1c ../../Build/m7/m7/main_m7.o
                0x0800066a                std::_Head_base<0u, bool, false>::_Head_base()
 .text.main     0x08000686        0x8 ../../Build/m7/m7/main_m7.o
                0x08000686                main
 .text.SystemInit
                0x0800068e        0xe ../../Build/m7/m7/main_m7.o
                0x0800068e                SystemInit
 .text._ZN21PeripheralHandlerBaseIN5Utils8TypeListIJ4pairIL18InputPinProperties0EbES2_ILS3_1EiEEEEA2_PVm15InputPinHandlerIS9_EED2Ev
                0x0800069c       0x28 ../../Build/m7/m7/main_m7.o
                0x0800069c                PeripheralHandlerBase<Utils::TypeList<pair<(InputPinProperties)0, bool>, pair<(InputPinProperties)1, int> >, unsigned long volatile* [2], InputPinHandler<unsigned long volatile* [2]> >::~PeripheralHandlerBase()
                0x0800069c                PeripheralHandlerBase<Utils::TypeList<pair<(InputPinProperties)0, bool>, pair<(InputPinProperties)1, int> >, unsigned long volatile* [2], InputPinHandler<unsigned long volatile* [2]> >::~PeripheralHandlerBase()
 .text._ZN15InputPinHandlerIA2_PVmED2Ev
                0x080006c4       0x24 ../../Build/m7/m7/main_m7.o
                0x080006c4                InputPinHandler<unsigned long volatile* [2]>::~InputPinHandler()
                0x080006c4                InputPinHandler<unsigned long volatile* [2]>::~InputPinHandler()
 .text._Z41__static_initialization_and_destruction_0ii
                0x080006e8       0x48 ../../Build/m7/m7/main_m7.o
 .text._ZN15InputPinHandlerIA2_PVmE4tempEv
                0x08000730       0x14 ../../Build/m7/m7/main_m7.o
                0x08000730                InputPinHandler<unsigned long volatile* [2]>::temp()
 .text._GLOBAL__sub_I_a
                0x08000744       0x10 ../../Build/m7/m7/main_m7.o
 .text._GLOBAL__sub_D_a
                0x08000754       0x10 ../../Build/m7/m7/main_m7.o
 .text._sbrk    0x08000764       0x6c ../../Build/m7/Common/sysmem.o
                0x08000764                _sbrk
 .text.initialise_monitor_handles
                0x080007d0        0xe ../../Build/m7/Common/syscalls.o
                0x080007d0                initialise_monitor_handles
 .text._getpid  0x080007de       0x10 ../../Build/m7/Common/syscalls.o
                0x080007de                _getpid
 .text._kill    0x080007ee       0x20 ../../Build/m7/Common/syscalls.o
                0x080007ee                _kill
 .text._exit    0x0800080e       0x16 ../../Build/m7/Common/syscalls.o
                0x0800080e                _exit
 .text._read    0x08000824       0x3a ../../Build/m7/Common/syscalls.o
                0x08000824                _read
 .text._write   0x0800085e       0x38 ../../Build/m7/Common/syscalls.o
                0x0800085e                _write
 .text._close   0x08000896       0x18 ../../Build/m7/Common/syscalls.o
                0x08000896                _close
 .text._fstat   0x080008ae       0x20 ../../Build/m7/Common/syscalls.o
                0x080008ae                _fstat
 .text._isatty  0x080008ce       0x16 ../../Build/m7/Common/syscalls.o
                0x080008ce                _isatty
 .text._lseek   0x080008e4       0x1a ../../Build/m7/Common/syscalls.o
                0x080008e4                _lseek
 .text._open    0x080008fe       0x1c ../../Build/m7/Common/syscalls.o
                0x080008fe                _open
 .text._wait    0x0800091a       0x1e ../../Build/m7/Common/syscalls.o
                0x0800091a                _wait
 .text._unlink  0x08000938       0x1e ../../Build/m7/Common/syscalls.o
                0x08000938                _unlink
 .text._times   0x08000956       0x18 ../../Build/m7/Common/syscalls.o
                0x08000956                _times
 .text._stat    0x0800096e       0x20 ../../Build/m7/Common/syscalls.o
                0x0800096e                _stat
 .text._link    0x0800098e       0x20 ../../Build/m7/Common/syscalls.o
                0x0800098e                _link
 .text._fork    0x080009ae       0x16 ../../Build/m7/Common/syscalls.o
                0x080009ae                _fork
 .text._execve  0x080009c4       0x22 ../../Build/m7/Common/syscalls.o
                0x080009c4                _execve
 *fill*         0x080009e6        0x2 
 .text.Reset_Handler
                0x080009e8       0x50 ../../Build/m7/Startup/startup_stm32h755xx.o
                0x080009e8                Reset_Handler
 .text.Default_Handler
                0x08000a38        0x2 ../../Build/m7/Startup/startup_stm32h755xx.o
                0x08000a38                RTC_Alarm_IRQHandler
                0x08000a38                HASH_RNG_IRQHandler
                0x08000a38                EXTI2_IRQHandler
                0x08000a38                TIM8_CC_IRQHandler
                0x08000a38                HRTIM1_Master_IRQHandler
                0x08000a38                DebugMon_Handler
                0x08000a38                UART8_IRQHandler
                0x08000a38                SPI4_IRQHandler
                0x08000a38                TIM1_CC_IRQHandler
                0x08000a38                BDMA_Channel6_IRQHandler
                0x08000a38                DMA2_Stream5_IRQHandler
                0x08000a38                HardFault_Handler
                0x08000a38                HRTIM1_FLT_IRQHandler
                0x08000a38                JPEG_IRQHandler
                0x08000a38                DMA1_Stream5_IRQHandler
                0x08000a38                SysTick_Handler
                0x08000a38                BDMA_Channel1_IRQHandler
                0x08000a38                HRTIM1_TIMD_IRQHandler
                0x08000a38                TAMP_STAMP_IRQHandler
                0x08000a38                PendSV_Handler
                0x08000a38                NMI_Handler
                0x08000a38                EXTI3_IRQHandler
                0x08000a38                LPTIM4_IRQHandler
                0x08000a38                TIM8_TRG_COM_TIM14_IRQHandler
                0x08000a38                LPTIM2_IRQHandler
                0x08000a38                DFSDM1_FLT1_IRQHandler
                0x08000a38                DMAMUX2_OVR_IRQHandler
                0x08000a38                TIM8_UP_TIM13_IRQHandler
                0x08000a38                I2C3_ER_IRQHandler
                0x08000a38                DFSDM1_FLT2_IRQHandler
                0x08000a38                MDMA_IRQHandler
                0x08000a38                LPTIM3_IRQHandler
                0x08000a38                HSEM1_IRQHandler
                0x08000a38                EXTI0_IRQHandler
                0x08000a38                I2C2_EV_IRQHandler
                0x08000a38                DMA1_Stream2_IRQHandler
                0x08000a38                FPU_IRQHandler
                0x08000a38                OTG_HS_WKUP_IRQHandler
                0x08000a38                FDCAN1_IT1_IRQHandler
                0x08000a38                UsageFault_Handler
                0x08000a38                LTDC_ER_IRQHandler
                0x08000a38                DMA2_Stream2_IRQHandler
                0x08000a38                HRTIM1_TIME_IRQHandler
                0x08000a38                SPI1_IRQHandler
                0x08000a38                TIM6_DAC_IRQHandler
                0x08000a38                DCMI_IRQHandler
                0x08000a38                HRTIM1_TIMC_IRQHandler
                0x08000a38                DMA2_Stream3_IRQHandler
                0x08000a38                SAI2_IRQHandler
                0x08000a38                DFSDM1_FLT3_IRQHandler
                0x08000a38                USART6_IRQHandler
                0x08000a38                TIM17_IRQHandler
                0x08000a38                USART3_IRQHandler
                0x08000a38                BDMA_Channel7_IRQHandler
                0x08000a38                CRYP_IRQHandler
                0x08000a38                LPTIM5_IRQHandler
                0x08000a38                UART5_IRQHandler
                0x08000a38                ADC3_IRQHandler
                0x08000a38                DMA2_Stream0_IRQHandler
                0x08000a38                TIM4_IRQHandler
                0x08000a38                BDMA_Channel2_IRQHandler
                0x08000a38                QUADSPI_IRQHandler
                0x08000a38                I2C1_EV_IRQHandler
                0x08000a38                DMA1_Stream6_IRQHandler
                0x08000a38                DMAMUX1_OVR_IRQHandler
                0x08000a38                DMA1_Stream1_IRQHandler
                0x08000a38                TIM16_IRQHandler
                0x08000a38                UART4_IRQHandler
                0x08000a38                BDMA_Channel5_IRQHandler
                0x08000a38                TIM3_IRQHandler
                0x08000a38                RCC_IRQHandler
                0x08000a38                TIM8_BRK_TIM12_IRQHandler
                0x08000a38                TIM1_TRG_COM_IRQHandler
                0x08000a38                Default_Handler
                0x08000a38                ECC_IRQHandler
                0x08000a38                CEC_IRQHandler
                0x08000a38                EXTI15_10_IRQHandler
                0x08000a38                BDMA_Channel0_IRQHandler
                0x08000a38                ADC_IRQHandler
                0x08000a38                DMA1_Stream7_IRQHandler
                0x08000a38                HRTIM1_TIMA_IRQHandler
                0x08000a38                SPI5_IRQHandler
                0x08000a38                TIM7_IRQHandler
                0x08000a38                SDMMC1_IRQHandler
                0x08000a38                TIM5_IRQHandler
                0x08000a38                DMA2_Stream7_IRQHandler
                0x08000a38                TIM15_IRQHandler
                0x08000a38                PVD_AVD_IRQHandler
                0x08000a38                I2C3_EV_IRQHandler
                0x08000a38                EXTI9_5_IRQHandler
                0x08000a38                RTC_WKUP_IRQHandler
                0x08000a38                LTDC_IRQHandler
                0x08000a38                SAI3_IRQHandler
                0x08000a38                ETH_WKUP_IRQHandler
                0x08000a38                SPDIF_RX_IRQHandler
                0x08000a38                SPI2_IRQHandler
                0x08000a38                OTG_HS_EP1_IN_IRQHandler
                0x08000a38                MemManage_Handler
                0x08000a38                DMA1_Stream0_IRQHandler
                0x08000a38                SVC_Handler
                0x08000a38                CRS_IRQHandler
                0x08000a38                CM7_SEV_IRQHandler
                0x08000a38                EXTI4_IRQHandler
                0x08000a38                CM4_SEV_IRQHandler
                0x08000a38                HRTIM1_TIMB_IRQHandler
                0x08000a38                FDCAN2_IT1_IRQHandler
                0x08000a38                ETH_IRQHandler
                0x08000a38                TIM1_UP_IRQHandler
                0x08000a38                WWDG_RST_IRQHandler
                0x08000a38                BDMA_Channel4_IRQHandler
                0x08000a38                OTG_HS_EP1_OUT_IRQHandler
                0x08000a38                WWDG_IRQHandler
                0x08000a38                SPI6_IRQHandler
                0x08000a38                MDIOS_IRQHandler
                0x08000a38                I2C4_EV_IRQHandler
                0x08000a38                FDCAN2_IT0_IRQHandler
                0x08000a38                LPUART1_IRQHandler
                0x08000a38                FDCAN1_IT0_IRQHandler
                0x08000a38                TIM2_IRQHandler
                0x08000a38                OTG_FS_WKUP_IRQHandler
                0x08000a38                OTG_HS_IRQHandler
                0x08000a38                HSEM2_IRQHandler
                0x08000a38                DMA2D_IRQHandler
                0x08000a38                TIM1_BRK_IRQHandler
                0x08000a38                EXTI1_IRQHandler
                0x08000a38                SDMMC2_IRQHandler
                0x08000a38                OTG_FS_EP1_OUT_IRQHandler
                0x08000a38                BDMA_Channel3_IRQHandler
                0x08000a38                HOLD_CORE_IRQHandler
                0x08000a38                UART7_IRQHandler
                0x08000a38                MDIOS_WKUP_IRQHandler
                0x08000a38                USART2_IRQHandler
                0x08000a38                DFSDM1_FLT0_IRQHandler
                0x08000a38                SAI4_IRQHandler
                0x08000a38                I2C2_ER_IRQHandler
                0x08000a38                DMA2_Stream1_IRQHandler
                0x08000a38                FLASH_IRQHandler
                0x08000a38                DMA2_Stream4_IRQHandler
                0x08000a38                BusFault_Handler
                0x08000a38                USART1_IRQHandler
                0x08000a38                OTG_FS_IRQHandler
                0x08000a38                SPI3_IRQHandler
                0x08000a38                WAKEUP_PIN_IRQHandler
                0x08000a38                DMA1_Stream4_IRQHandler
                0x08000a38                OTG_FS_EP1_IN_IRQHandler
                0x08000a38                I2C1_ER_IRQHandler
                0x08000a38                FMC_IRQHandler
                0x08000a38                FDCAN_CAL_IRQHandler
                0x08000a38                SWPMI1_IRQHandler
                0x08000a38                COMP1_IRQHandler
                0x08000a38                LPTIM1_IRQHandler
                0x08000a38                I2C4_ER_IRQHandler
                0x08000a38                DMA2_Stream6_IRQHandler
                0x08000a38                SAI1_IRQHandler
                0x08000a38                DMA1_Stream3_IRQHandler
 .text._ZL12read_uleb128PKhPm
                0x08000a3a       0x1e /usr/bin/../lib/gcc/arm-none-eabi/12.3.1/../../../../arm-none-eabi/lib/thumb/v7e-m+fp/hard/libstdc++_nano.a(eh_personality.o)
 .text._ZL12read_sleb128PKhPl
                0x08000a58       0x30 /usr/bin/../lib/gcc/arm-none-eabi/12.3.1/../../../../arm-none-eabi/lib/thumb/v7e-m+fp/hard/libstdc++_nano.a(eh_personality.o)
 .text._ZL28read_encoded_value_with_basehjPKhPj
                0x08000a88       0x8c /usr/bin/../lib/gcc/arm-none-eabi/12.3.1/../../../../arm-none-eabi/lib/thumb/v7e-m+fp/hard/libstdc++_nano.a(eh_personality.o)
 .text._ZL21base_of_encoded_valuehP15_Unwind_Context
                0x08000b14       0x42 /usr/bin/../lib/gcc/arm-none-eabi/12.3.1/../../../../arm-none-eabi/lib/thumb/v7e-m+fp/hard/libstdc++_nano.a(eh_personality.o)
 .text._ZL18read_encoded_valueP15_Unwind_ContexthPKhPj
                0x08000b56       0x20 /usr/bin/../lib/gcc/arm-none-eabi/12.3.1/../../../../arm-none-eabi/lib/thumb/v7e-m+fp/hard/libstdc++_nano.a(eh_personality.o)
 .text._ZL17parse_lsda_headerP15_Unwind_ContextPKhP16lsda_header_info
                0x08000b76       0x5e /usr/bin/../lib/gcc/arm-none-eabi/12.3.1/../../../../arm-none-eabi/lib/thumb/v7e-m+fp/hard/libstdc++_nano.a(eh_personality.o)
 .text._Unwind_GetGR
                0x08000bd4       0x18 /usr/bin/../lib/gcc/arm-none-eabi/12.3.1/../../../../arm-none-eabi/lib/thumb/v7e-m+fp/hard/libstdc++_nano.a(eh_personality.o)
 .text.__gxx_personality_v0
                0x08000bec      0x330 /usr/bin/../lib/gcc/arm-none-eabi/12.3.1/../../../../arm-none-eabi/lib/thumb/v7e-m+fp/hard/libstdc++_nano.a(eh_personality.o)
                0x08000bec                __gxx_personality_v0
 .text._ZN10__cxxabiv111__terminateEPFvvE
                0x08000f1c        0x8 /usr/bin/../lib/gcc/arm-none-eabi/12.3.1/../../../../arm-none-eabi/lib/thumb/v7e-m+fp/hard/libstdc++_nano.a(eh_terminate.o)
                0x08000f1c                __cxxabiv1::__terminate(void (*)())
 .text._ZSt13set_terminatePFvvE
                0x08000f24       0x2c /usr/bin/../lib/gcc/arm-none-eabi/12.3.1/../../../../arm-none-eabi/lib/thumb/v7e-m+fp/hard/libstdc++_nano.a(eh_terminate.o)
                0x08000f24                std::set_terminate(void (*)())
 .text._ZSt13get_terminatev
                0x08000f50       0x10 /usr/bin/../lib/gcc/arm-none-eabi/12.3.1/../../../../arm-none-eabi/lib/thumb/v7e-m+fp/hard/libstdc++_nano.a(eh_terminate.o)
                0x08000f50                std::get_terminate()
 .text._ZSt9terminatev
                0x08000f60        0xa /usr/bin/../lib/gcc/arm-none-eabi/12.3.1/../../../../arm-none-eabi/lib/thumb/v7e-m+fp/hard/libstdc++_nano.a(eh_terminate.o)
                0x08000f60                std::terminate()
 .text._ZN10__cxxabiv112__unexpectedEPFvvE
                0x08000f6a        0x8 /usr/bin/../lib/gcc/arm-none-eabi/12.3.1/../../../../arm-none-eabi/lib/thumb/v7e-m+fp/hard/libstdc++_nano.a(eh_terminate.o)
                0x08000f6a                __cxxabiv1::__unexpected(void (*)())
 *fill*         0x08000f72        0x2 
 .text._ZSt14set_unexpectedPFvvE
                0x08000f74       0x2c /usr/bin/../lib/gcc/arm-none-eabi/12.3.1/../../../../arm-none-eabi/lib/thumb/v7e-m+fp/hard/libstdc++_nano.a(eh_terminate.o)
                0x08000f74                std::set_unexpected(void (*)())
 .text._ZSt14get_unexpectedv
                0x08000fa0       0x10 /usr/bin/../lib/gcc/arm-none-eabi/12.3.1/../../../../arm-none-eabi/lib/thumb/v7e-m+fp/hard/libstdc++_nano.a(eh_terminate.o)
                0x08000fa0                std::get_unexpected()
 .text._ZSt10unexpectedv
                0x08000fb0        0xa /usr/bin/../lib/gcc/arm-none-eabi/12.3.1/../../../../arm-none-eabi/lib/thumb/v7e-m+fp/hard/libstdc++_nano.a(eh_terminate.o)
                0x08000fb0                std::unexpected()
 .text.__cxa_end_cleanup
                0x08000fba        0xc /usr/bin/../lib/gcc/arm-none-eabi/12.3.1/../../../../arm-none-eabi/lib/thumb/v7e-m+fp/hard/libstdc++_nano.a(eh_arm.o)
                0x08000fba                __cxa_end_cleanup
 .text._ZN10__cxxabiv1L24__is_gxx_exception_classEPc
                0x08000fc6       0x3a /usr/bin/../lib/gcc/arm-none-eabi/12.3.1/../../../../arm-none-eabi/lib/thumb/v7e-m+fp/hard/libstdc++_nano.a(eh_arm.o)
 .text.__cxa_type_match
                0x08001000       0xa0 /usr/bin/../lib/gcc/arm-none-eabi/12.3.1/../../../../arm-none-eabi/lib/thumb/v7e-m+fp/hard/libstdc++_nano.a(eh_arm.o)
                0x08001000                __cxa_type_match
 .text.__cxa_begin_cleanup
                0x080010a0       0x3a /usr/bin/../lib/gcc/arm-none-eabi/12.3.1/../../../../arm-none-eabi/lib/thumb/v7e-m+fp/hard/libstdc++_nano.a(eh_arm.o)
                0x080010a0                __cxa_begin_cleanup
 .text.__gnu_end_cleanup
                0x080010da       0x32 /usr/bin/../lib/gcc/arm-none-eabi/12.3.1/../../../../arm-none-eabi/lib/thumb/v7e-m+fp/hard/libstdc++_nano.a(eh_arm.o)
                0x080010da                __gnu_end_cleanup
 .text._ZN10__cxxabiv1L24__is_gxx_exception_classEPc
                0x0800110c       0x3a /usr/bin/../lib/gcc/arm-none-eabi/12.3.1/../../../../arm-none-eabi/lib/thumb/v7e-m+fp/hard/libstdc++_nano.a(eh_call.o)
 .text.__cxa_call_terminate
                0x08001146       0x1e /usr/bin/../lib/gcc/arm-none-eabi/12.3.1/../../../../arm-none-eabi/lib/thumb/v7e-m+fp/hard/libstdc++_nano.a(eh_call.o)
                0x08001146                __cxa_call_terminate
 .text.__cxa_call_unexpected
                0x08001164       0x24 /usr/bin/../lib/gcc/arm-none-eabi/12.3.1/../../../../arm-none-eabi/lib/thumb/v7e-m+fp/hard/libstdc++_nano.a(eh_call.o)
                0x08001164                __cxa_call_unexpected
 .text._ZN10__cxxabiv1L24__is_gxx_exception_classEPc
                0x08001188       0x3a /usr/bin/../lib/gcc/arm-none-eabi/12.3.1/../../../../arm-none-eabi/lib/thumb/v7e-m+fp/hard/libstdc++_nano.a(eh_catch.o)
 .text.__cxa_get_exception_ptr
                0x080011c2        0x4 /usr/bin/../lib/gcc/arm-none-eabi/12.3.1/../../../../arm-none-eabi/lib/thumb/v7e-m+fp/hard/libstdc++_nano.a(eh_catch.o)
                0x080011c2                __cxa_get_exception_ptr
 .text.__cxa_begin_catch
                0x080011c6       0x52 /usr/bin/../lib/gcc/arm-none-eabi/12.3.1/../../../../arm-none-eabi/lib/thumb/v7e-m+fp/hard/libstdc++_nano.a(eh_catch.o)
                0x080011c6                __cxa_begin_catch
 .text.__cxa_end_catch
                0x08001218       0x48 /usr/bin/../lib/gcc/arm-none-eabi/12.3.1/../../../../arm-none-eabi/lib/thumb/v7e-m+fp/hard/libstdc++_nano.a(eh_catch.o)
                0x08001218                __cxa_end_catch
 .text._ZSt18uncaught_exceptionv
                0x08001260        0x4 /usr/bin/../lib/gcc/arm-none-eabi/12.3.1/../../../../arm-none-eabi/lib/thumb/v7e-m+fp/hard/libstdc++_nano.a(eh_catch.o)
                0x08001260                std::uncaught_exception()
 .text._ZSt19uncaught_exceptionsv
                0x08001264        0x4 /usr/bin/../lib/gcc/arm-none-eabi/12.3.1/../../../../arm-none-eabi/lib/thumb/v7e-m+fp/hard/libstdc++_nano.a(eh_catch.o)
                0x08001264                std::uncaught_exceptions()
 .text._ZNSt9exceptionD2Ev
                0x08001268        0x2 /usr/bin/../lib/gcc/arm-none-eabi/12.3.1/../../../../arm-none-eabi/lib/thumb/v7e-m+fp/hard/libstdc++_nano.a(eh_exception.o)
                0x08001268                std::exception::~exception()
                0x08001268                std::exception::~exception()
 .text._ZNSt13bad_exceptionD2Ev
                0x0800126a        0x2 /usr/bin/../lib/gcc/arm-none-eabi/12.3.1/../../../../arm-none-eabi/lib/thumb/v7e-m+fp/hard/libstdc++_nano.a(eh_exception.o)
                0x0800126a                std::bad_exception::~bad_exception()
                0x0800126a                std::bad_exception::~bad_exception()
 .text._ZNKSt9exception4whatEv
                0x0800126c        0x8 /usr/bin/../lib/gcc/arm-none-eabi/12.3.1/../../../../arm-none-eabi/lib/thumb/v7e-m+fp/hard/libstdc++_nano.a(eh_exception.o)
                0x0800126c                transaction clone for std::exception::what() const
                0x0800126c                std::exception::what() const
 .text._ZNKSt13bad_exception4whatEv
                0x08001274        0x8 /usr/bin/../lib/gcc/arm-none-eabi/12.3.1/../../../../arm-none-eabi/lib/thumb/v7e-m+fp/hard/libstdc++_nano.a(eh_exception.o)
                0x08001274                transaction clone for std::bad_exception::what() const
                0x08001274                std::bad_exception::what() const
 .text._ZNSt9exceptionD0Ev
                0x0800127c        0xe /usr/bin/../lib/gcc/arm-none-eabi/12.3.1/../../../../arm-none-eabi/lib/thumb/v7e-m+fp/hard/libstdc++_nano.a(eh_exception.o)
                0x0800127c                std::exception::~exception()
 .text._ZNSt13bad_exceptionD0Ev
                0x0800128a        0xe /usr/bin/../lib/gcc/arm-none-eabi/12.3.1/../../../../arm-none-eabi/lib/thumb/v7e-m+fp/hard/libstdc++_nano.a(eh_exception.o)
                0x0800128a                std::bad_exception::~bad_exception()
 .text._ZN10__cxxabiv115__forced_unwindD2Ev
                0x08001298        0x2 /usr/bin/../lib/gcc/arm-none-eabi/12.3.1/../../../../arm-none-eabi/lib/thumb/v7e-m+fp/hard/libstdc++_nano.a(eh_exception.o)
                0x08001298                __cxxabiv1::__forced_unwind::~__forced_unwind()
                0x08001298                __cxxabiv1::__forced_unwind::~__forced_unwind()
 .text._ZN10__cxxabiv115__forced_unwindD0Ev
                0x0800129a        0xe /usr/bin/../lib/gcc/arm-none-eabi/12.3.1/../../../../arm-none-eabi/lib/thumb/v7e-m+fp/hard/libstdc++_nano.a(eh_exception.o)
                0x0800129a                __cxxabiv1::__forced_unwind::~__forced_unwind()
 .text._ZN10__cxxabiv119__foreign_exceptionD2Ev
                0x080012a8        0x2 /usr/bin/../lib/gcc/arm-none-eabi/12.3.1/../../../../arm-none-eabi/lib/thumb/v7e-m+fp/hard/libstdc++_nano.a(eh_exception.o)
                0x080012a8                __cxxabiv1::__foreign_exception::~__foreign_exception()
                0x080012a8                __cxxabiv1::__foreign_exception::~__foreign_exception()
 .text._ZN10__cxxabiv119__foreign_exceptionD0Ev
                0x080012aa        0xe /usr/bin/../lib/gcc/arm-none-eabi/12.3.1/../../../../arm-none-eabi/lib/thumb/v7e-m+fp/hard/libstdc++_nano.a(eh_exception.o)
                0x080012aa                __cxxabiv1::__foreign_exception::~__foreign_exception()
 .text._ZGTtNKSt9exceptionD1Ev
                0x080012b8        0x2 /usr/bin/../lib/gcc/arm-none-eabi/12.3.1/../../../../arm-none-eabi/lib/thumb/v7e-m+fp/hard/libstdc++_nano.a(eh_exception.o)
                0x080012b8                transaction clone for std::exception::~exception() const
 .text._ZGTtNKSt13bad_exceptionD1Ev
                0x080012ba        0x2 /usr/bin/../lib/gcc/arm-none-eabi/12.3.1/../../../../arm-none-eabi/lib/thumb/v7e-m+fp/hard/libstdc++_nano.a(eh_exception.o)
                0x080012ba                transaction clone for std::bad_exception::~bad_exception() const
 .text._ZN12_GLOBAL__N_113constant_initD2Ev
                0x080012bc        0x2 /usr/bin/../lib/gcc/arm-none-eabi/12.3.1/../../../../arm-none-eabi/lib/thumb/v7e-m+fp/hard/libstdc++_nano.a(eh_globals.o)
 *fill*         0x080012be        0x2 
 .text.__cxa_get_globals_fast
                0x080012c0        0x8 /usr/bin/../lib/gcc/arm-none-eabi/12.3.1/../../../../arm-none-eabi/lib/thumb/v7e-m+fp/hard/libstdc++_nano.a(eh_globals.o)
                0x080012c0                __cxa_get_globals_fast
 .text.__cxa_get_globals
                0x080012c8        0x8 /usr/bin/../lib/gcc/arm-none-eabi/12.3.1/../../../../arm-none-eabi/lib/thumb/v7e-m+fp/hard/libstdc++_nano.a(eh_globals.o)
                0x080012c8                __cxa_get_globals
 .text.startup._GLOBAL__sub_I___cxa_get_globals_fast
                0x080012d0       0x18 /usr/bin/../lib/gcc/arm-none-eabi/12.3.1/../../../../arm-none-eabi/lib/thumb/v7e-m+fp/hard/libstdc++_nano.a(eh_globals.o)
 .text._ZN10__cxxabiv120__si_class_type_infoD2Ev
                0x080012e8       0x14 /usr/bin/../lib/gcc/arm-none-eabi/12.3.1/../../../../arm-none-eabi/lib/thumb/v7e-m+fp/hard/libstdc++_nano.a(si_class_type_info.o)
                0x080012e8                __cxxabiv1::__si_class_type_info::~__si_class_type_info()
                0x080012e8                __cxxabiv1::__si_class_type_info::~__si_class_type_info()
 .text._ZN10__cxxabiv120__si_class_type_infoD0Ev
                0x080012fc       0x14 /usr/bin/../lib/gcc/arm-none-eabi/12.3.1/../../../../arm-none-eabi/lib/thumb/v7e-m+fp/hard/libstdc++_nano.a(si_class_type_info.o)
                0x080012fc                __cxxabiv1::__si_class_type_info::~__si_class_type_info()
 .text._ZNK10__cxxabiv120__si_class_type_info20__do_find_public_srcEiPKvPKNS_17__class_type_infoES2_
                0x08001310       0x3c /usr/bin/../lib/gcc/arm-none-eabi/12.3.1/../../../../arm-none-eabi/lib/thumb/v7e-m+fp/hard/libstdc++_nano.a(si_class_type_info.o)
                0x08001310                __cxxabiv1::__si_class_type_info::__do_find_public_src(int, void const*, __cxxabiv1::__class_type_info const*, void const*) const
 .text._ZNK10__cxxabiv120__si_class_type_info12__do_dyncastEiNS_17__class_type_info10__sub_kindEPKS1_PKvS4_S6_RNS1_16__dyncast_resultE
                0x0800134c       0x74 /usr/bin/../lib/gcc/arm-none-eabi/12.3.1/../../../../arm-none-eabi/lib/thumb/v7e-m+fp/hard/libstdc++_nano.a(si_class_type_info.o)
                0x0800134c                __cxxabiv1::__si_class_type_info::__do_dyncast(int, __cxxabiv1::__class_type_info::__sub_kind, __cxxabiv1::__class_type_info const*, void const*, __cxxabiv1::__class_type_info const*, void const*, __cxxabiv1::__class_type_info::__dyncast_result&) const
 .text._ZNK10__cxxabiv120__si_class_type_info11__do_upcastEPKNS_17__class_type_infoEPKvRNS1_15__upcast_resultE
                0x080013c0       0x2a /usr/bin/../lib/gcc/arm-none-eabi/12.3.1/../../../../arm-none-eabi/lib/thumb/v7e-m+fp/hard/libstdc++_nano.a(si_class_type_info.o)
                0x080013c0                __cxxabiv1::__si_class_type_info::__do_upcast(__cxxabiv1::__class_type_info const*, void const*, __cxxabiv1::__class_type_info::__upcast_result&) const
 .text._ZNSt9type_infoD2Ev
                0x080013ea        0x2 /usr/bin/../lib/gcc/arm-none-eabi/12.3.1/../../../../arm-none-eabi/lib/thumb/v7e-m+fp/hard/libstdc++_nano.a(tinfo.o)
                0x080013ea                std::type_info::~type_info()
                0x080013ea                std::type_info::~type_info()
 .text._ZNKSt9type_info14__is_pointer_pEv
                0x080013ec        0x4 /usr/bin/../lib/gcc/arm-none-eabi/12.3.1/../../../../arm-none-eabi/lib/thumb/v7e-m+fp/hard/libstdc++_nano.a(tinfo.o)
                0x080013ec                std::type_info::__is_function_p() const
                0x080013ec                std::type_info::__is_pointer_p() const
 .text._ZNKSt9type_info11__do_upcastEPKN10__cxxabiv117__class_type_infoEPPv
                0x080013f0        0x4 /usr/bin/../lib/gcc/arm-none-eabi/12.3.1/../../../../arm-none-eabi/lib/thumb/v7e-m+fp/hard/libstdc++_nano.a(tinfo.o)
                0x080013f0                std::type_info::__do_upcast(__cxxabiv1::__class_type_info const*, void**) const
 .text._ZNSt9type_infoD0Ev
                0x080013f4        0xe /usr/bin/../lib/gcc/arm-none-eabi/12.3.1/../../../../arm-none-eabi/lib/thumb/v7e-m+fp/hard/libstdc++_nano.a(tinfo.o)
                0x080013f4                std::type_info::~type_info()
 .text._ZNKSt9type_infoeqERKS_
                0x08001402       0x2c /usr/bin/../lib/gcc/arm-none-eabi/12.3.1/../../../../arm-none-eabi/lib/thumb/v7e-m+fp/hard/libstdc++_nano.a(tinfo.o)
                0x08001402                std::type_info::__equal(std::type_info const&) const
                0x08001402                std::type_info::operator==(std::type_info const&) const
 .text._ZNKSt9type_info10__do_catchEPKS_PPvj
                0x0800142e        0x4 /usr/bin/../lib/gcc/arm-none-eabi/12.3.1/../../../../arm-none-eabi/lib/thumb/v7e-m+fp/hard/libstdc++_nano.a(tinfo.o)
                0x0800142e                std::type_info::__do_catch(std::type_info const*, void**, unsigned int) const
 .text.__aeabi_atexit
                0x08001432        0xa /usr/bin/../lib/gcc/arm-none-eabi/12.3.1/../../../../arm-none-eabi/lib/thumb/v7e-m+fp/hard/libstdc++_nano.a(atexit_arm.o)
                0x08001432                __aeabi_atexit
 .text._ZNK10__cxxabiv117__class_type_info11__do_upcastEPKS0_PPv
                0x0800143c       0x32 /usr/bin/../lib/gcc/arm-none-eabi/12.3.1/../../../../arm-none-eabi/lib/thumb/v7e-m+fp/hard/libstdc++_nano.a(class_type_info.o)
                0x0800143c                __cxxabiv1::__class_type_info::__do_upcast(__cxxabiv1::__class_type_info const*, void**) const
 .text._ZNK10__cxxabiv117__class_type_info20__do_find_public_srcEiPKvPKS0_S2_
                0x0800146e        0xc /usr/bin/../lib/gcc/arm-none-eabi/12.3.1/../../../../arm-none-eabi/lib/thumb/v7e-m+fp/hard/libstdc++_nano.a(class_type_info.o)
                0x0800146e                __cxxabiv1::__class_type_info::__do_find_public_src(int, void const*, __cxxabiv1::__class_type_info const*, void const*) const
 *fill*         0x0800147a        0x2 
 .text._ZN10__cxxabiv117__class_type_infoD2Ev
                0x0800147c       0x14 /usr/bin/../lib/gcc/arm-none-eabi/12.3.1/../../../../arm-none-eabi/lib/thumb/v7e-m+fp/hard/libstdc++_nano.a(class_type_info.o)
                0x0800147c                __cxxabiv1::__class_type_info::~__class_type_info()
                0x0800147c                __cxxabiv1::__class_type_info::~__class_type_info()
 .text._ZN10__cxxabiv117__class_type_infoD0Ev
                0x08001490       0x14 /usr/bin/../lib/gcc/arm-none-eabi/12.3.1/../../../../arm-none-eabi/lib/thumb/v7e-m+fp/hard/libstdc++_nano.a(class_type_info.o)
                0x08001490                __cxxabiv1::__class_type_info::~__class_type_info()
 .text._ZNK10__cxxabiv117__class_type_info12__do_dyncastEiNS0_10__sub_kindEPKS0_PKvS3_S5_RNS0_16__dyncast_resultE
                0x080014a4       0x3e /usr/bin/../lib/gcc/arm-none-eabi/12.3.1/../../../../arm-none-eabi/lib/thumb/v7e-m+fp/hard/libstdc++_nano.a(class_type_info.o)
                0x080014a4                __cxxabiv1::__class_type_info::__do_dyncast(int, __cxxabiv1::__class_type_info::__sub_kind, __cxxabiv1::__class_type_info const*, void const*, __cxxabiv1::__class_type_info const*, void const*, __cxxabiv1::__class_type_info::__dyncast_result&) const
 .text._ZNK10__cxxabiv117__class_type_info11__do_upcastEPKS0_PKvRNS0_15__upcast_resultE
                0x080014e2       0x18 /usr/bin/../lib/gcc/arm-none-eabi/12.3.1/../../../../arm-none-eabi/lib/thumb/v7e-m+fp/hard/libstdc++_nano.a(class_type_info.o)
                0x080014e2                __cxxabiv1::__class_type_info::__do_upcast(__cxxabiv1::__class_type_info const*, void const*, __cxxabiv1::__class_type_info::__upcast_result&) const
 .text._ZNK10__cxxabiv117__class_type_info10__do_catchEPKSt9type_infoPPvj
                0x080014fa       0x2a /usr/bin/../lib/gcc/arm-none-eabi/12.3.1/../../../../arm-none-eabi/lib/thumb/v7e-m+fp/hard/libstdc++_nano.a(class_type_info.o)
                0x080014fa                __cxxabiv1::__class_type_info::__do_catch(std::type_info const*, void**, unsigned int) const
 .text._ZdlPvj  0x08001524        0x4 /usr/bin/../lib/gcc/arm-none-eabi/12.3.1/../../../../arm-none-eabi/lib/thumb/v7e-m+fp/hard/libstdc++_nano.a(del_ops.o)
                0x08001524                operator delete(void*, unsigned int)
 .text._ZdlPv   0x08001528        0x4 /usr/bin/../lib/gcc/arm-none-eabi/12.3.1/../../../../arm-none-eabi/lib/thumb/v7e-m+fp/hard/libstdc++_nano.a(del_op.o)
                0x08001528                operator delete(void*)
 .text.exit     0x0800152c       0x24 /usr/bin/../lib/gcc/arm-none-eabi/12.3.1/../../../../arm-none-eabi/lib/thumb/v7e-m+fp/hard/libc_nano.a(libc_a-exit.o)
                0x0800152c                exit
 .text.__libc_init_array
                0x08001550       0x48 /usr/bin/../lib/gcc/arm-none-eabi/12.3.1/../../../../arm-none-eabi/lib/thumb/v7e-m+fp/hard/libc_nano.a(libc_a-init.o)
                0x08001550                __libc_init_array
 .text.malloc   0x08001598       0x10 /usr/bin/../lib/gcc/arm-none-eabi/12.3.1/../../../../arm-none-eabi/lib/thumb/v7e-m+fp/hard/libc_nano.a(libc_a-malloc.o)
                0x08001598                malloc
 .text.free     0x080015a8       0x10 /usr/bin/../lib/gcc/arm-none-eabi/12.3.1/../../../../arm-none-eabi/lib/thumb/v7e-m+fp/hard/libc_nano.a(libc_a-malloc.o)
                0x080015a8                free
 .text.sbrk_aligned
                0x080015b8       0x44 /usr/bin/../lib/gcc/arm-none-eabi/12.3.1/../../../../arm-none-eabi/lib/thumb/v7e-m+fp/hard/libc_nano.a(libc_a-mallocr.o)
 .text._malloc_r
                0x080015fc      0x100 /usr/bin/../lib/gcc/arm-none-eabi/12.3.1/../../../../arm-none-eabi/lib/thumb/v7e-m+fp/hard/libc_nano.a(libc_a-mallocr.o)
                0x080015fc                _malloc_r
 .text.abort    0x080016fc        0xe /usr/bin/../lib/gcc/arm-none-eabi/12.3.1/../../../../arm-none-eabi/lib/thumb/v7e-m+fp/hard/libc_nano.a(libc_a-abort.o)
                0x080016fc                abort
 *fill*         0x0800170a        0x2 
 .text.__cxa_atexit
                0x0800170c       0x1c /usr/bin/../lib/gcc/arm-none-eabi/12.3.1/../../../../arm-none-eabi/lib/thumb/v7e-m+fp/hard/libc_nano.a(libc_a-cxa_atexit.o)
                0x0800170c                __cxa_atexit
 .text.std      0x08001728       0x6c /usr/bin/../lib/gcc/arm-none-eabi/12.3.1/../../../../arm-none-eabi/lib/thumb/v7e-m+fp/hard/libc_nano.a(libc_a-findfp.o)
 .text.stdio_exit_handler
                0x08001794       0x18 /usr/bin/../lib/gcc/arm-none-eabi/12.3.1/../../../../arm-none-eabi/lib/thumb/v7e-m+fp/hard/libc_nano.a(libc_a-findfp.o)
 .text.cleanup_stdio
                0x080017ac       0x40 /usr/bin/../lib/gcc/arm-none-eabi/12.3.1/../../../../arm-none-eabi/lib/thumb/v7e-m+fp/hard/libc_nano.a(libc_a-findfp.o)
 .text.__fp_lock
                0x080017ec       0x18 /usr/bin/../lib/gcc/arm-none-eabi/12.3.1/../../../../arm-none-eabi/lib/thumb/v7e-m+fp/hard/libc_nano.a(libc_a-findfp.o)
 .text.__fp_unlock
                0x08001804       0x18 /usr/bin/../lib/gcc/arm-none-eabi/12.3.1/../../../../arm-none-eabi/lib/thumb/v7e-m+fp/hard/libc_nano.a(libc_a-findfp.o)
 .text.global_stdio_init.part.0
                0x0800181c       0x3c /usr/bin/../lib/gcc/arm-none-eabi/12.3.1/../../../../arm-none-eabi/lib/thumb/v7e-m+fp/hard/libc_nano.a(libc_a-findfp.o)
 .text.__sfp_lock_acquire
                0x08001858        0xc /usr/bin/../lib/gcc/arm-none-eabi/12.3.1/../../../../arm-none-eabi/lib/thumb/v7e-m+fp/hard/libc_nano.a(libc_a-findfp.o)
                0x08001858                __sfp_lock_acquire
 .text.__sfp_lock_release
                0x08001864        0xc /usr/bin/../lib/gcc/arm-none-eabi/12.3.1/../../../../arm-none-eabi/lib/thumb/v7e-m+fp/hard/libc_nano.a(libc_a-findfp.o)
                0x08001864                __sfp_lock_release
 .text.__sfp    0x08001870       0xa4 /usr/bin/../lib/gcc/arm-none-eabi/12.3.1/../../../../arm-none-eabi/lib/thumb/v7e-m+fp/hard/libc_nano.a(libc_a-findfp.o)
                0x08001870                __sfp
 .text.__sinit  0x08001914       0x30 /usr/bin/../lib/gcc/arm-none-eabi/12.3.1/../../../../arm-none-eabi/lib/thumb/v7e-m+fp/hard/libc_nano.a(libc_a-findfp.o)
                0x08001914                __sinit
 .text.__fp_lock_all
                0x08001944       0x1c /usr/bin/../lib/gcc/arm-none-eabi/12.3.1/../../../../arm-none-eabi/lib/thumb/v7e-m+fp/hard/libc_nano.a(libc_a-findfp.o)
                0x08001944                __fp_lock_all
 .text.__fp_unlock_all
                0x08001960       0x1c /usr/bin/../lib/gcc/arm-none-eabi/12.3.1/../../../../arm-none-eabi/lib/thumb/v7e-m+fp/hard/libc_nano.a(libc_a-findfp.o)
                0x08001960                __fp_unlock_all
 .text.__sread  0x0800197c       0x22 /usr/bin/../lib/gcc/arm-none-eabi/12.3.1/../../../../arm-none-eabi/lib/thumb/v7e-m+fp/hard/libc_nano.a(libc_a-stdio.o)
                0x0800197c                __sread
 .text.__seofread
                0x0800199e        0x4 /usr/bin/../lib/gcc/arm-none-eabi/12.3.1/../../../../arm-none-eabi/lib/thumb/v7e-m+fp/hard/libc_nano.a(libc_a-stdio.o)
                0x0800199e                __seofread
 .text.__swrite
                0x080019a2       0x38 /usr/bin/../lib/gcc/arm-none-eabi/12.3.1/../../../../arm-none-eabi/lib/thumb/v7e-m+fp/hard/libc_nano.a(libc_a-stdio.o)
                0x080019a2                __swrite
 .text.__sseek  0x080019da       0x24 /usr/bin/../lib/gcc/arm-none-eabi/12.3.1/../../../../arm-none-eabi/lib/thumb/v7e-m+fp/hard/libc_nano.a(libc_a-stdio.o)
                0x080019da                __sseek
 .text.__sclose
                0x080019fe        0x8 /usr/bin/../lib/gcc/arm-none-eabi/12.3.1/../../../../arm-none-eabi/lib/thumb/v7e-m+fp/hard/libc_nano.a(libc_a-stdio.o)
                0x080019fe                __sclose
 *fill*         0x08001a06        0x2 
 .text.__malloc_lock
                0x08001a08        0xc /usr/bin/../lib/gcc/arm-none-eabi/12.3.1/../../../../arm-none-eabi/lib/thumb/v7e-m+fp/hard/libc_nano.a(libc_a-mlock.o)
                0x08001a08                __malloc_lock
 .text.__malloc_unlock
                0x08001a14        0xc /usr/bin/../lib/gcc/arm-none-eabi/12.3.1/../../../../arm-none-eabi/lib/thumb/v7e-m+fp/hard/libc_nano.a(libc_a-mlock.o)
                0x08001a14                __malloc_unlock
 .text._sbrk_r  0x08001a20       0x20 /usr/bin/../lib/gcc/arm-none-eabi/12.3.1/../../../../arm-none-eabi/lib/thumb/v7e-m+fp/hard/libc_nano.a(libc_a-sbrkr.o)
                0x08001a20                _sbrk_r
 .text._write_r
                0x08001a40       0x24 /usr/bin/../lib/gcc/arm-none-eabi/12.3.1/../../../../arm-none-eabi/lib/thumb/v7e-m+fp/hard/libc_nano.a(libc_a-writer.o)
                0x08001a40                _write_r
 .text.__errno  0x08001a64        0xc /usr/bin/../lib/gcc/arm-none-eabi/12.3.1/../../../../arm-none-eabi/lib/thumb/v7e-m+fp/hard/libc_nano.a(libc_a-errno.o)
                0x08001a64                __errno
 .text._fwalk_sglue
                0x08001a70       0x3c /usr/bin/../lib/gcc/arm-none-eabi/12.3.1/../../../../arm-none-eabi/lib/thumb/v7e-m+fp/hard/libc_nano.a(libc_a-fwalk.o)
                0x08001a70                _fwalk_sglue
 .text.memset   0x08001aac       0x10 /usr/bin/../lib/gcc/arm-none-eabi/12.3.1/../../../../arm-none-eabi/lib/thumb/v7e-m+fp/hard/libc_nano.a(libc_a-memset.o)
                0x08001aac                memset
 .text._free_r  0x08001abc       0x94 /usr/bin/../lib/gcc/arm-none-eabi/12.3.1/../../../../arm-none-eabi/lib/thumb/v7e-m+fp/hard/libc_nano.a(libc_a-freer.o)
                0x08001abc                _free_r
 .text.__retarget_lock_init
                0x08001b50        0x2 /usr/bin/../lib/gcc/arm-none-eabi/12.3.1/../../../../arm-none-eabi/lib/thumb/v7e-m+fp/hard/libc_nano.a(libc_a-lock.o)
                0x08001b50                __retarget_lock_init
 .text.__retarget_lock_init_recursive
                0x08001b52        0x2 /usr/bin/../lib/gcc/arm-none-eabi/12.3.1/../../../../arm-none-eabi/lib/thumb/v7e-m+fp/hard/libc_nano.a(libc_a-lock.o)
                0x08001b52                __retarget_lock_init_recursive
 .text.__retarget_lock_close
                0x08001b54        0x2 /usr/bin/../lib/gcc/arm-none-eabi/12.3.1/../../../../arm-none-eabi/lib/thumb/v7e-m+fp/hard/libc_nano.a(libc_a-lock.o)
                0x08001b54                __retarget_lock_close
 .text.__retarget_lock_close_recursive
                0x08001b56        0x2 /usr/bin/../lib/gcc/arm-none-eabi/12.3.1/../../../../arm-none-eabi/lib/thumb/v7e-m+fp/hard/libc_nano.a(libc_a-lock.o)
                0x08001b56                __retarget_lock_close_recursive
 .text.__retarget_lock_acquire
                0x08001b58        0x2 /usr/bin/../lib/gcc/arm-none-eabi/12.3.1/../../../../arm-none-eabi/lib/thumb/v7e-m+fp/hard/libc_nano.a(libc_a-lock.o)
                0x08001b58                __retarget_lock_acquire
 .text.__retarget_lock_acquire_recursive
                0x08001b5a        0x2 /usr/bin/../lib/gcc/arm-none-eabi/12.3.1/../../../../arm-none-eabi/lib/thumb/v7e-m+fp/hard/libc_nano.a(libc_a-lock.o)
                0x08001b5a                __retarget_lock_acquire_recursive
 .text.__retarget_lock_try_acquire
                0x08001b5c        0x4 /usr/bin/../lib/gcc/arm-none-eabi/12.3.1/../../../../arm-none-eabi/lib/thumb/v7e-m+fp/hard/libc_nano.a(libc_a-lock.o)
                0x08001b5c                __retarget_lock_try_acquire
 .text.__retarget_lock_try_acquire_recursive
                0x08001b60        0x4 /usr/bin/../lib/gcc/arm-none-eabi/12.3.1/../../../../arm-none-eabi/lib/thumb/v7e-m+fp/hard/libc_nano.a(libc_a-lock.o)
                0x08001b60                __retarget_lock_try_acquire_recursive
 .text.__retarget_lock_release
                0x08001b64        0x2 /usr/bin/../lib/gcc/arm-none-eabi/12.3.1/../../../../arm-none-eabi/lib/thumb/v7e-m+fp/hard/libc_nano.a(libc_a-lock.o)
                0x08001b64                __retarget_lock_release
 .text.__retarget_lock_release_recursive
                0x08001b66        0x2 /usr/bin/../lib/gcc/arm-none-eabi/12.3.1/../../../../arm-none-eabi/lib/thumb/v7e-m+fp/hard/libc_nano.a(libc_a-lock.o)
                0x08001b66                __retarget_lock_release_recursive
 .text._close_r
                0x08001b68       0x20 /usr/bin/../lib/gcc/arm-none-eabi/12.3.1/../../../../arm-none-eabi/lib/thumb/v7e-m+fp/hard/libc_nano.a(libc_a-closer.o)
                0x08001b68                _close_r
 .text._reclaim_reent
                0x08001b88       0xac /usr/bin/../lib/gcc/arm-none-eabi/12.3.1/../../../../arm-none-eabi/lib/thumb/v7e-m+fp/hard/libc_nano.a(libc_a-reent.o)
                0x08001b88                _reclaim_reent
 .text.__sflush_r
                0x08001c34      0x108 /usr/bin/../lib/gcc/arm-none-eabi/12.3.1/../../../../arm-none-eabi/lib/thumb/v7e-m+fp/hard/libc_nano.a(libc_a-fflush.o)
                0x08001c34                __sflush_r
 .text._fflush_r
                0x08001d3c       0x50 /usr/bin/../lib/gcc/arm-none-eabi/12.3.1/../../../../arm-none-eabi/lib/thumb/v7e-m+fp/hard/libc_nano.a(libc_a-fflush.o)
                0x08001d3c                _fflush_r
 .text.fflush   0x08001d8c       0x28 /usr/bin/../lib/gcc/arm-none-eabi/12.3.1/../../../../arm-none-eabi/lib/thumb/v7e-m+fp/hard/libc_nano.a(libc_a-fflush.o)
                0x08001d8c                fflush
 .text._init_signal_r
                0x08001db4       0x28 /usr/bin/../lib/gcc/arm-none-eabi/12.3.1/../../../../arm-none-eabi/lib/thumb/v7e-m+fp/hard/libc_nano.a(libc_a-signal.o)
                0x08001db4                _init_signal_r
 .text._signal_r
                0x08001ddc       0x30 /usr/bin/../lib/gcc/arm-none-eabi/12.3.1/../../../../arm-none-eabi/lib/thumb/v7e-m+fp/hard/libc_nano.a(libc_a-signal.o)
                0x08001ddc                _signal_r
 .text._raise_r
                0x08001e0c       0x50 /usr/bin/../lib/gcc/arm-none-eabi/12.3.1/../../../../arm-none-eabi/lib/thumb/v7e-m+fp/hard/libc_nano.a(libc_a-signal.o)
                0x08001e0c                _raise_r
 .text.__sigtramp_r
                0x08001e5c       0x48 /usr/bin/../lib/gcc/arm-none-eabi/12.3.1/../../../../arm-none-eabi/lib/thumb/v7e-m+fp/hard/libc_nano.a(libc_a-signal.o)
                0x08001e5c                __sigtramp_r
 .text.raise    0x08001ea4       0x10 /usr/bin/../lib/gcc/arm-none-eabi/12.3.1/../../../../arm-none-eabi/lib/thumb/v7e-m+fp/hard/libc_nano.a(libc_a-signal.o)
                0x08001ea4                raise
 .text.signal   0x08001eb4       0x10 /usr/bin/../lib/gcc/arm-none-eabi/12.3.1/../../../../arm-none-eabi/lib/thumb/v7e-m+fp/hard/libc_nano.a(libc_a-signal.o)
                0x08001eb4                signal
 .text._init_signal
                0x08001ec4        0xc /usr/bin/../lib/gcc/arm-none-eabi/12.3.1/../../../../arm-none-eabi/lib/thumb/v7e-m+fp/hard/libc_nano.a(libc_a-signal.o)
                0x08001ec4                _init_signal
 .text.__sigtramp
                0x08001ed0       0x10 /usr/bin/../lib/gcc/arm-none-eabi/12.3.1/../../../../arm-none-eabi/lib/thumb/v7e-m+fp/hard/libc_nano.a(libc_a-signal.o)
                0x08001ed0                __sigtramp
 .text._lseek_r
                0x08001ee0       0x24 /usr/bin/../lib/gcc/arm-none-eabi/12.3.1/../../../../arm-none-eabi/lib/thumb/v7e-m+fp/hard/libc_nano.a(libc_a-lseekr.o)
                0x08001ee0                _lseek_r
 .text._read_r  0x08001f04       0x24 /usr/bin/../lib/gcc/arm-none-eabi/12.3.1/../../../../arm-none-eabi/lib/thumb/v7e-m+fp/hard/libc_nano.a(libc_a-readr.o)
                0x08001f04                _read_r
 .text._kill_r  0x08001f28       0x24 /usr/bin/../lib/gcc/arm-none-eabi/12.3.1/../../../../arm-none-eabi/lib/thumb/v7e-m+fp/hard/libc_nano.a(libc_a-signalr.o)
                0x08001f28                _kill_r
 .text._getpid_r
                0x08001f4c        0x4 /usr/bin/../lib/gcc/arm-none-eabi/12.3.1/../../../../arm-none-eabi/lib/thumb/v7e-m+fp/hard/libc_nano.a(libc_a-signalr.o)
                0x08001f4c                _getpid_r
 .text.selfrel_offset31
                0x08001f50       0x14 /usr/bin/../lib/gcc/arm-none-eabi/12.3.1/thumb/v7e-m+fp/hard/libgcc.a(unwind-arm.o)
 .text.search_EIT_table
                0x08001f64       0x64 /usr/bin/../lib/gcc/arm-none-eabi/12.3.1/thumb/v7e-m+fp/hard/libgcc.a(unwind-arm.o)
 .text.__gnu_unwind_get_pr_addr
                0x08001fc8       0x28 /usr/bin/../lib/gcc/arm-none-eabi/12.3.1/thumb/v7e-m+fp/hard/libgcc.a(unwind-arm.o)
 .text.get_eit_entry
                0x08001ff0       0x94 /usr/bin/../lib/gcc/arm-none-eabi/12.3.1/thumb/v7e-m+fp/hard/libgcc.a(unwind-arm.o)
 .text.restore_non_core_regs
                0x08002084       0x58 /usr/bin/../lib/gcc/arm-none-eabi/12.3.1/thumb/v7e-m+fp/hard/libgcc.a(unwind-arm.o)
 .text.__gnu_unwind_24bit.constprop.0
                0x080020dc        0x4 /usr/bin/../lib/gcc/arm-none-eabi/12.3.1/thumb/v7e-m+fp/hard/libgcc.a(unwind-arm.o)
 .text._Unwind_decode_typeinfo_ptr.constprop.0
                0x080020e0        0xc /usr/bin/../lib/gcc/arm-none-eabi/12.3.1/thumb/v7e-m+fp/hard/libgcc.a(unwind-arm.o)
 .text._Unwind_DebugHook
                0x080020ec        0x4 /usr/bin/../lib/gcc/arm-none-eabi/12.3.1/thumb/v7e-m+fp/hard/libgcc.a(unwind-arm.o)
 .text.unwind_phase2
                0x080020f0       0x38 /usr/bin/../lib/gcc/arm-none-eabi/12.3.1/thumb/v7e-m+fp/hard/libgcc.a(unwind-arm.o)
 .text.unwind_phase2_forced
                0x08002128       0xd4 /usr/bin/../lib/gcc/arm-none-eabi/12.3.1/thumb/v7e-m+fp/hard/libgcc.a(unwind-arm.o)
 .text._Unwind_GetCFA
                0x080021fc        0x4 /usr/bin/../lib/gcc/arm-none-eabi/12.3.1/thumb/v7e-m+fp/hard/libgcc.a(unwind-arm.o)
                0x080021fc                _Unwind_GetCFA
 .text.__gnu_Unwind_RaiseException
                0x08002200       0x68 /usr/bin/../lib/gcc/arm-none-eabi/12.3.1/thumb/v7e-m+fp/hard/libgcc.a(unwind-arm.o)
                0x08002200                __gnu_Unwind_RaiseException
 .text.__gnu_Unwind_ForcedUnwind
                0x08002268       0x10 /usr/bin/../lib/gcc/arm-none-eabi/12.3.1/thumb/v7e-m+fp/hard/libgcc.a(unwind-arm.o)
                0x08002268                __gnu_Unwind_ForcedUnwind
 .text.__gnu_Unwind_Resume
                0x08002278       0x40 /usr/bin/../lib/gcc/arm-none-eabi/12.3.1/thumb/v7e-m+fp/hard/libgcc.a(unwind-arm.o)
                0x08002278                __gnu_Unwind_Resume
 .text.__gnu_Unwind_Resume_or_Rethrow
                0x080022b8       0x14 /usr/bin/../lib/gcc/arm-none-eabi/12.3.1/thumb/v7e-m+fp/hard/libgcc.a(unwind-arm.o)
                0x080022b8                __gnu_Unwind_Resume_or_Rethrow
 .text._Unwind_Complete
                0x080022cc        0x4 /usr/bin/../lib/gcc/arm-none-eabi/12.3.1/thumb/v7e-m+fp/hard/libgcc.a(unwind-arm.o)
                0x080022cc                _Unwind_Complete
 .text._Unwind_DeleteException
                0x080022d0        0xc /usr/bin/../lib/gcc/arm-none-eabi/12.3.1/thumb/v7e-m+fp/hard/libgcc.a(unwind-arm.o)
                0x080022d0                _Unwind_DeleteException
 .text._Unwind_VRS_Get
                0x080022dc       0x30 /usr/bin/../lib/gcc/arm-none-eabi/12.3.1/thumb/v7e-m+fp/hard/libgcc.a(unwind-arm.o)
                0x080022dc                _Unwind_VRS_Get
 .text._Unwind_GetGR
                0x0800230c       0x1c /usr/bin/../lib/gcc/arm-none-eabi/12.3.1/thumb/v7e-m+fp/hard/libgcc.a(unwind-arm.o)
 .text._Unwind_VRS_Set
                0x08002328       0x30 /usr/bin/../lib/gcc/arm-none-eabi/12.3.1/thumb/v7e-m+fp/hard/libgcc.a(unwind-arm.o)
                0x08002328                _Unwind_VRS_Set
 .text._Unwind_SetGR
                0x08002358       0x18 /usr/bin/../lib/gcc/arm-none-eabi/12.3.1/thumb/v7e-m+fp/hard/libgcc.a(unwind-arm.o)
 .text.__gnu_Unwind_Backtrace
                0x08002370       0x84 /usr/bin/../lib/gcc/arm-none-eabi/12.3.1/thumb/v7e-m+fp/hard/libgcc.a(unwind-arm.o)
                0x08002370                __gnu_Unwind_Backtrace
 .text.__gnu_unwind_pr_common
                0x080023f4      0x298 /usr/bin/../lib/gcc/arm-none-eabi/12.3.1/thumb/v7e-m+fp/hard/libgcc.a(unwind-arm.o)
 .text.__aeabi_unwind_cpp_pr0
                0x0800268c        0x8 /usr/bin/../lib/gcc/arm-none-eabi/12.3.1/thumb/v7e-m+fp/hard/libgcc.a(unwind-arm.o)
                0x0800268c                __aeabi_unwind_cpp_pr0
 .text.__aeabi_unwind_cpp_pr1
                0x08002694        0x8 /usr/bin/../lib/gcc/arm-none-eabi/12.3.1/thumb/v7e-m+fp/hard/libgcc.a(unwind-arm.o)
                0x08002694                __aeabi_unwind_cpp_pr1
 .text.__aeabi_unwind_cpp_pr2
                0x0800269c        0x8 /usr/bin/../lib/gcc/arm-none-eabi/12.3.1/thumb/v7e-m+fp/hard/libgcc.a(unwind-arm.o)
                0x0800269c                __aeabi_unwind_cpp_pr2
 .text._Unwind_VRS_Pop
                0x080026a4      0x2a8 /usr/bin/../lib/gcc/arm-none-eabi/12.3.1/thumb/v7e-m+fp/hard/libgcc.a(unwind-arm.o)
                0x080026a4                _Unwind_VRS_Pop
 .text.next_unwind_byte
                0x0800294c       0x38 /usr/bin/../lib/gcc/arm-none-eabi/12.3.1/thumb/v7e-m+fp/hard/libgcc.a(pr-support.o)
 .text._Unwind_GetGR.constprop.0
                0x08002984       0x1c /usr/bin/../lib/gcc/arm-none-eabi/12.3.1/thumb/v7e-m+fp/hard/libgcc.a(pr-support.o)
 .text.unwind_UCB_from_context
                0x080029a0        0x4 /usr/bin/../lib/gcc/arm-none-eabi/12.3.1/thumb/v7e-m+fp/hard/libgcc.a(pr-support.o)
 .text.__gnu_unwind_execute
                0x080029a4      0x2d4 /usr/bin/../lib/gcc/arm-none-eabi/12.3.1/thumb/v7e-m+fp/hard/libgcc.a(pr-support.o)
                0x080029a4                __gnu_unwind_execute
 .text.__gnu_unwind_frame
                0x08002c78       0x2c /usr/bin/../lib/gcc/arm-none-eabi/12.3.1/thumb/v7e-m+fp/hard/libgcc.a(pr-support.o)
                0x08002c78                __gnu_unwind_frame
 .text._Unwind_GetRegionStart
                0x08002ca4        0xc /usr/bin/../lib/gcc/arm-none-eabi/12.3.1/thumb/v7e-m+fp/hard/libgcc.a(pr-support.o)
                0x08002ca4                _Unwind_GetRegionStart
 .text._Unwind_GetLanguageSpecificData
                0x08002cb0       0x14 /usr/bin/../lib/gcc/arm-none-eabi/12.3.1/thumb/v7e-m+fp/hard/libgcc.a(pr-support.o)
                0x08002cb0                _Unwind_GetLanguageSpecificData
 .text.unlikely._Unwind_GetDataRelBase
                0x08002cc4        0x6 /usr/bin/../lib/gcc/arm-none-eabi/12.3.1/thumb/v7e-m+fp/hard/libgcc.a(pr-support.o)
                0x08002cc4                _Unwind_GetDataRelBase
 .text.unlikely._Unwind_GetTextRelBase
                0x08002cca        0x6 /usr/bin/../lib/gcc/arm-none-eabi/12.3.1/thumb/v7e-m+fp/hard/libgcc.a(pr-support.o)
                0x08002cca                _Unwind_GetTextRelBase
 .text.memcpy   0x08002cd0       0x1c /usr/bin/../lib/gcc/arm-none-eabi/12.3.1/../../../../arm-none-eabi/lib/thumb/v7e-m+fp/hard/libc_nano.a(libc_a-memcpy-stub.o)
                0x08002cd0                memcpy
 *(.glue_7)
 .glue_7        0x08002cec        0x0 linker stubs
 *(.glue_7t)
 .glue_7t       0x08002cec        0x0 linker stubs
 *(.eh_frame)
 .eh_frame      0x08002cec        0x0 /usr/bin/../lib/gcc/arm-none-eabi/12.3.1/thumb/v7e-m+fp/hard/crtbegin.o
 .eh_frame      0x08002cec        0x4 /usr/bin/../lib/gcc/arm-none-eabi/12.3.1/thumb/v7e-m+fp/hard/crtend.o
 *(.init)
 .init          0x08002cf0        0x4 /usr/bin/../lib/gcc/arm-none-eabi/12.3.1/thumb/v7e-m+fp/hard/crti.o
                0x08002cf0                _init
 .init          0x08002cf4        0x8 /usr/bin/../lib/gcc/arm-none-eabi/12.3.1/thumb/v7e-m+fp/hard/crtn.o
 *(.fini)
 .fini          0x08002cfc        0x4 /usr/bin/../lib/gcc/arm-none-eabi/12.3.1/thumb/v7e-m+fp/hard/crti.o
                0x08002cfc                _fini
 .fini          0x08002d00        0x8 /usr/bin/../lib/gcc/arm-none-eabi/12.3.1/thumb/v7e-m+fp/hard/crtn.o
                0x08002d08                        . = ALIGN (0x4)
                0x08002d08                        _etext = .

.vfp11_veneer   0x08002d08        0x0
 .vfp11_veneer  0x08002d08        0x0 linker stubs

.v4_bx          0x08002d08        0x0
 .v4_bx         0x08002d08        0x0 linker stubs

.iplt           0x08002d08        0x0
 .iplt          0x08002d08        0x0 /usr/bin/../lib/gcc/arm-none-eabi/12.3.1/thumb/v7e-m+fp/hard/crtbegin.o

.rodata         0x08002d08      0x258
                0x08002d08                        . = ALIGN (0x4)
 *(.rodata)
 *(.rodata*)
 .rodata.all_implied_fbits
                0x08002d08       0x24 /usr/bin/../lib/gcc/arm-none-eabi/12.3.1/thumb/v7e-m+fp/hard/crtbegin.o
 .rodata._ZTV15InputPinHandlerIA2_PVmE
                0x08002d2c        0xc ../../Build/m7/m7/main_m7.o
                0x08002d2c                vtable for InputPinHandler<unsigned long volatile* [2]>
 .rodata._ZTV21PeripheralHandlerBaseIN5Utils8TypeListIJ4pairIL18InputPinProperties0EbES2_ILS3_1EiEEEEA2_PVm15InputPinHandlerIS9_EE
                0x08002d38        0xc ../../Build/m7/m7/main_m7.o
                0x08002d38                vtable for PeripheralHandlerBase<Utils::TypeList<pair<(InputPinProperties)0, bool>, pair<(InputPinProperties)1, int> >, unsigned long volatile* [2], InputPinHandler<unsigned long volatile* [2]> >
 .rodata._ZNKSt9exception4whatEv.str1.1
                0x08002d44        0xf /usr/bin/../lib/gcc/arm-none-eabi/12.3.1/../../../../arm-none-eabi/lib/thumb/v7e-m+fp/hard/libstdc++_nano.a(eh_exception.o)
 .rodata._ZNKSt13bad_exception4whatEv.str1.1
                0x08002d53       0x13 /usr/bin/../lib/gcc/arm-none-eabi/12.3.1/../../../../arm-none-eabi/lib/thumb/v7e-m+fp/hard/libstdc++_nano.a(eh_exception.o)
 .rodata._ZTSSt9exception
                0x08002d66        0xd /usr/bin/../lib/gcc/arm-none-eabi/12.3.1/../../../../arm-none-eabi/lib/thumb/v7e-m+fp/hard/libstdc++_nano.a(eh_exception.o)
                0x08002d66                typeinfo name for std::exception
 *fill*         0x08002d73        0x1 
 .rodata._ZTISt9exception
                0x08002d74        0x8 /usr/bin/../lib/gcc/arm-none-eabi/12.3.1/../../../../arm-none-eabi/lib/thumb/v7e-m+fp/hard/libstdc++_nano.a(eh_exception.o)
                0x08002d74                typeinfo for std::exception
 .rodata._ZTSSt13bad_exception
                0x08002d7c       0x12 /usr/bin/../lib/gcc/arm-none-eabi/12.3.1/../../../../arm-none-eabi/lib/thumb/v7e-m+fp/hard/libstdc++_nano.a(eh_exception.o)
                0x08002d7c                typeinfo name for std::bad_exception
 *fill*         0x08002d8e        0x2 
 .rodata._ZTISt13bad_exception
                0x08002d90        0xc /usr/bin/../lib/gcc/arm-none-eabi/12.3.1/../../../../arm-none-eabi/lib/thumb/v7e-m+fp/hard/libstdc++_nano.a(eh_exception.o)
                0x08002d90                typeinfo for std::bad_exception
 .rodata._ZTSN10__cxxabiv115__forced_unwindE
                0x08002d9c       0x20 /usr/bin/../lib/gcc/arm-none-eabi/12.3.1/../../../../arm-none-eabi/lib/thumb/v7e-m+fp/hard/libstdc++_nano.a(eh_exception.o)
                0x08002d9c                typeinfo name for __cxxabiv1::__forced_unwind
 .rodata._ZTIN10__cxxabiv115__forced_unwindE
                0x08002dbc        0x8 /usr/bin/../lib/gcc/arm-none-eabi/12.3.1/../../../../arm-none-eabi/lib/thumb/v7e-m+fp/hard/libstdc++_nano.a(eh_exception.o)
                0x08002dbc                typeinfo for __cxxabiv1::__forced_unwind
 .rodata._ZTSN10__cxxabiv119__foreign_exceptionE
                0x08002dc4       0x24 /usr/bin/../lib/gcc/arm-none-eabi/12.3.1/../../../../arm-none-eabi/lib/thumb/v7e-m+fp/hard/libstdc++_nano.a(eh_exception.o)
                0x08002dc4                typeinfo name for __cxxabiv1::__foreign_exception
 .rodata._ZTIN10__cxxabiv119__foreign_exceptionE
                0x08002de8        0x8 /usr/bin/../lib/gcc/arm-none-eabi/12.3.1/../../../../arm-none-eabi/lib/thumb/v7e-m+fp/hard/libstdc++_nano.a(eh_exception.o)
                0x08002de8                typeinfo for __cxxabiv1::__foreign_exception
 .rodata._ZTVSt9exception
                0x08002df0       0x14 /usr/bin/../lib/gcc/arm-none-eabi/12.3.1/../../../../arm-none-eabi/lib/thumb/v7e-m+fp/hard/libstdc++_nano.a(eh_exception.o)
                0x08002df0                vtable for std::exception
 .rodata._ZTVSt13bad_exception
                0x08002e04       0x14 /usr/bin/../lib/gcc/arm-none-eabi/12.3.1/../../../../arm-none-eabi/lib/thumb/v7e-m+fp/hard/libstdc++_nano.a(eh_exception.o)
                0x08002e04                vtable for std::bad_exception
 .rodata._ZTVN10__cxxabiv115__forced_unwindE
                0x08002e18       0x14 /usr/bin/../lib/gcc/arm-none-eabi/12.3.1/../../../../arm-none-eabi/lib/thumb/v7e-m+fp/hard/libstdc++_nano.a(eh_exception.o)
                0x08002e18                vtable for __cxxabiv1::__forced_unwind
 .rodata._ZTVN10__cxxabiv119__foreign_exceptionE
                0x08002e2c       0x14 /usr/bin/../lib/gcc/arm-none-eabi/12.3.1/../../../../arm-none-eabi/lib/thumb/v7e-m+fp/hard/libstdc++_nano.a(eh_exception.o)
                0x08002e2c                vtable for __cxxabiv1::__foreign_exception
 .rodata._ZTSN10__cxxabiv120__si_class_type_infoE
                0x08002e40       0x25 /usr/bin/../lib/gcc/arm-none-eabi/12.3.1/../../../../arm-none-eabi/lib/thumb/v7e-m+fp/hard/libstdc++_nano.a(si_class_type_info.o)
                0x08002e40                typeinfo name for __cxxabiv1::__si_class_type_info
 *fill*         0x08002e65        0x3 
 .rodata._ZTIN10__cxxabiv120__si_class_type_infoE
                0x08002e68        0xc /usr/bin/../lib/gcc/arm-none-eabi/12.3.1/../../../../arm-none-eabi/lib/thumb/v7e-m+fp/hard/libstdc++_nano.a(si_class_type_info.o)
                0x08002e68                typeinfo for __cxxabiv1::__si_class_type_info
 .rodata._ZTVN10__cxxabiv120__si_class_type_infoE
                0x08002e74       0x2c /usr/bin/../lib/gcc/arm-none-eabi/12.3.1/../../../../arm-none-eabi/lib/thumb/v7e-m+fp/hard/libstdc++_nano.a(si_class_type_info.o)
                0x08002e74                vtable for __cxxabiv1::__si_class_type_info
 .rodata._ZTSSt9type_info
                0x08002ea0        0xd /usr/bin/../lib/gcc/arm-none-eabi/12.3.1/../../../../arm-none-eabi/lib/thumb/v7e-m+fp/hard/libstdc++_nano.a(tinfo.o)
                0x08002ea0                typeinfo name for std::type_info
 *fill*         0x08002ead        0x3 
 .rodata._ZTISt9type_info
                0x08002eb0        0x8 /usr/bin/../lib/gcc/arm-none-eabi/12.3.1/../../../../arm-none-eabi/lib/thumb/v7e-m+fp/hard/libstdc++_nano.a(tinfo.o)
                0x08002eb0                typeinfo for std::type_info
 .rodata._ZTVSt9type_info
                0x08002eb8       0x20 /usr/bin/../lib/gcc/arm-none-eabi/12.3.1/../../../../arm-none-eabi/lib/thumb/v7e-m+fp/hard/libstdc++_nano.a(tinfo.o)
                0x08002eb8                vtable for std::type_info
 .rodata._ZTSN10__cxxabiv117__class_type_infoE
                0x08002ed8       0x22 /usr/bin/../lib/gcc/arm-none-eabi/12.3.1/../../../../arm-none-eabi/lib/thumb/v7e-m+fp/hard/libstdc++_nano.a(class_type_info.o)
                0x08002ed8                typeinfo name for __cxxabiv1::__class_type_info
 *fill*         0x08002efa        0x2 
 .rodata._ZTIN10__cxxabiv117__class_type_infoE
                0x08002efc        0xc /usr/bin/../lib/gcc/arm-none-eabi/12.3.1/../../../../arm-none-eabi/lib/thumb/v7e-m+fp/hard/libstdc++_nano.a(class_type_info.o)
                0x08002efc                typeinfo for __cxxabiv1::__class_type_info
 .rodata._ZTVN10__cxxabiv117__class_type_infoE
                0x08002f08       0x2c /usr/bin/../lib/gcc/arm-none-eabi/12.3.1/../../../../arm-none-eabi/lib/thumb/v7e-m+fp/hard/libstdc++_nano.a(class_type_info.o)
                0x08002f08                vtable for __cxxabiv1::__class_type_info
 .rodata.__cxa_atexit_dummy
                0x08002f34        0x4 /usr/bin/../lib/gcc/arm-none-eabi/12.3.1/../../../../arm-none-eabi/lib/thumb/v7e-m+fp/hard/libc_nano.a(libc_a-cxa_atexit.o)
                0x08002f34                __cxa_atexit_dummy
 .rodata.__on_exit_args
                0x08002f38        0x4 /usr/bin/../lib/gcc/arm-none-eabi/12.3.1/../../../../arm-none-eabi/lib/thumb/v7e-m+fp/hard/libc_nano.a(libc_a-on_exit_args.o)
                0x08002f38                __on_exit_args
 .rodata.all_implied_fbits
                0x08002f3c       0x24 /usr/bin/../lib/gcc/arm-none-eabi/12.3.1/thumb/v7e-m+fp/hard/crtend.o
                0x08002f60                        . = ALIGN (0x4)

.ARM.extab      0x08002f60       0xac
 *(.ARM.extab* .gnu.linkonce.armextab.*)
 .ARM.extab     0x08002f60        0x0 /usr/bin/../lib/gcc/arm-none-eabi/12.3.1/../../../../arm-none-eabi/lib/thumb/v7e-m+fp/hard/crt0.o
 .ARM.extab.text._ZL20__gthread_key_deletei
                0x08002f60        0x0 ../../Build/m7/m7/main_m7.o
 .ARM.extab.text._ZN15InputPinHandlerIA2_PVmEC1ERA2_KS1_
                0x08002f60        0xc ../../Build/m7/m7/main_m7.o
 .ARM.extab.text._ZN21PeripheralHandlerBaseIN5Utils8TypeListIJ4pairIL18InputPinProperties0EbES2_ILS3_1EiEEEEA2_PVm15InputPinHandlerIS9_EEC2Ev
                0x08002f6c        0xc ../../Build/m7/m7/main_m7.o
 .ARM.extab.text._ZN20classMembersWithTagsIJ4pairIL18InputPinProperties0EbES0_ILS1_1EiEEEC1Ev
                0x08002f78        0x0 ../../Build/m7/m7/main_m7.o
 .ARM.extab.text._ZNSt5tupleIJbiEEC1ILb1ELb1EEEv
                0x08002f78       0x10 ../../Build/m7/m7/main_m7.o
 .ARM.extab.text._ZNSt11_Tuple_implILj0EJbiEEC2Ev
                0x08002f88        0xc ../../Build/m7/m7/main_m7.o
 .ARM.extab.text._ZNSt11_Tuple_implILj1EJiEEC2Ev
                0x08002f94        0x0 ../../Build/m7/m7/main_m7.o
 .ARM.extab.text._ZNSt10_Head_baseILj1EiLb0EEC2Ev
                0x08002f94        0x0 ../../Build/m7/m7/main_m7.o
 .ARM.extab.text._ZNSt10_Head_baseILj0EbLb0EEC2Ev
                0x08002f94        0x0 ../../Build/m7/m7/main_m7.o
 .ARM.extab.text.main
                0x08002f94        0x0 ../../Build/m7/m7/main_m7.o
 .ARM.extab.text.SystemInit
                0x08002f94        0x0 ../../Build/m7/m7/main_m7.o
 .ARM.extab.text._ZN21PeripheralHandlerBaseIN5Utils8TypeListIJ4pairIL18InputPinProperties0EbES2_ILS3_1EiEEEEA2_PVm15InputPinHandlerIS9_EED2Ev
                0x08002f94        0x0 ../../Build/m7/m7/main_m7.o
 .ARM.extab.text._ZN15InputPinHandlerIA2_PVmED2Ev
                0x08002f94        0x0 ../../Build/m7/m7/main_m7.o
 .ARM.extab.text._Z41__static_initialization_and_destruction_0ii
                0x08002f94        0x0 ../../Build/m7/m7/main_m7.o
 .ARM.extab.text._ZN15InputPinHandlerIA2_PVmE4tempEv
                0x08002f94        0x0 ../../Build/m7/m7/main_m7.o
 .ARM.extab.text._GLOBAL__sub_I_a
                0x08002f94        0x0 ../../Build/m7/m7/main_m7.o
 .ARM.extab.text._GLOBAL__sub_D_a
                0x08002f94        0x0 ../../Build/m7/m7/main_m7.o
 .ARM.extab.text._sbrk
                0x08002f94        0xc ../../Build/m7/Common/sysmem.o
 .ARM.extab.text.initialise_monitor_handles
                0x08002fa0        0x0 ../../Build/m7/Common/syscalls.o
 .ARM.extab.text._getpid
                0x08002fa0        0x0 ../../Build/m7/Common/syscalls.o
 .ARM.extab.text._kill
                0x08002fa0        0xc ../../Build/m7/Common/syscalls.o
 .ARM.extab.text._exit
                0x08002fac        0x0 ../../Build/m7/Common/syscalls.o
 .ARM.extab.text._read
                0x08002fac        0xc ../../Build/m7/Common/syscalls.o
 .ARM.extab.text._write
                0x08002fb8        0xc ../../Build/m7/Common/syscalls.o
 .ARM.extab.text._close
                0x08002fc4        0x0 ../../Build/m7/Common/syscalls.o
 .ARM.extab.text._fstat
                0x08002fc4        0x0 ../../Build/m7/Common/syscalls.o
 .ARM.extab.text._isatty
                0x08002fc4        0x0 ../../Build/m7/Common/syscalls.o
 .ARM.extab.text._lseek
                0x08002fc4        0x0 ../../Build/m7/Common/syscalls.o
 .ARM.extab.text._open
                0x08002fc4        0x0 ../../Build/m7/Common/syscalls.o
 .ARM.extab.text._wait
                0x08002fc4        0xc ../../Build/m7/Common/syscalls.o
 .ARM.extab.text._unlink
                0x08002fd0        0xc ../../Build/m7/Common/syscalls.o
 .ARM.extab.text._times
                0x08002fdc        0x0 ../../Build/m7/Common/syscalls.o
 .ARM.extab.text._stat
                0x08002fdc        0x0 ../../Build/m7/Common/syscalls.o
 .ARM.extab.text._link
                0x08002fdc        0xc ../../Build/m7/Common/syscalls.o
 .ARM.extab.text._fork
                0x08002fe8        0x0 ../../Build/m7/Common/syscalls.o
 .ARM.extab.text._execve
                0x08002fe8        0xc ../../Build/m7/Common/syscalls.o
 .ARM.extab     0x08002ff4        0x0 /usr/bin/../lib/gcc/arm-none-eabi/12.3.1/../../../../arm-none-eabi/lib/thumb/v7e-m+fp/hard/libc_nano.a(libc_a-strcmp.o)
 .ARM.extab.text.selfrel_offset31
                0x08002ff4        0x0 /usr/bin/../lib/gcc/arm-none-eabi/12.3.1/thumb/v7e-m+fp/hard/libgcc.a(unwind-arm.o)
 .ARM.extab.text.search_EIT_table
                0x08002ff4        0x0 /usr/bin/../lib/gcc/arm-none-eabi/12.3.1/thumb/v7e-m+fp/hard/libgcc.a(unwind-arm.o)
 .ARM.extab.text.__gnu_unwind_get_pr_addr
                0x08002ff4        0x0 /usr/bin/../lib/gcc/arm-none-eabi/12.3.1/thumb/v7e-m+fp/hard/libgcc.a(unwind-arm.o)
 .ARM.extab.text.get_eit_entry
                0x08002ff4        0x0 /usr/bin/../lib/gcc/arm-none-eabi/12.3.1/thumb/v7e-m+fp/hard/libgcc.a(unwind-arm.o)
 .ARM.extab.text.restore_non_core_regs
                0x08002ff4        0x0 /usr/bin/../lib/gcc/arm-none-eabi/12.3.1/thumb/v7e-m+fp/hard/libgcc.a(unwind-arm.o)
 .ARM.extab.text.__gnu_unwind_24bit.constprop.0
                0x08002ff4        0x0 /usr/bin/../lib/gcc/arm-none-eabi/12.3.1/thumb/v7e-m+fp/hard/libgcc.a(unwind-arm.o)
 .ARM.extab.text._Unwind_decode_typeinfo_ptr.constprop.0
                0x08002ff4        0x0 /usr/bin/../lib/gcc/arm-none-eabi/12.3.1/thumb/v7e-m+fp/hard/libgcc.a(unwind-arm.o)
 .ARM.extab.text._Unwind_DebugHook
                0x08002ff4        0x0 /usr/bin/../lib/gcc/arm-none-eabi/12.3.1/thumb/v7e-m+fp/hard/libgcc.a(unwind-arm.o)
 .ARM.extab.text.unwind_phase2
                0x08002ff4        0x0 /usr/bin/../lib/gcc/arm-none-eabi/12.3.1/thumb/v7e-m+fp/hard/libgcc.a(unwind-arm.o)
 .ARM.extab.text.unwind_phase2_forced
                0x08002ff4        0x0 /usr/bin/../lib/gcc/arm-none-eabi/12.3.1/thumb/v7e-m+fp/hard/libgcc.a(unwind-arm.o)
 .ARM.extab.text._Unwind_GetCFA
                0x08002ff4        0x0 /usr/bin/../lib/gcc/arm-none-eabi/12.3.1/thumb/v7e-m+fp/hard/libgcc.a(unwind-arm.o)
 .ARM.extab.text.__gnu_Unwind_RaiseException
                0x08002ff4        0x0 /usr/bin/../lib/gcc/arm-none-eabi/12.3.1/thumb/v7e-m+fp/hard/libgcc.a(unwind-arm.o)
 .ARM.extab.text.__gnu_Unwind_ForcedUnwind
                0x08002ff4        0x0 /usr/bin/../lib/gcc/arm-none-eabi/12.3.1/thumb/v7e-m+fp/hard/libgcc.a(unwind-arm.o)
 .ARM.extab.text.__gnu_Unwind_Resume
                0x08002ff4        0x0 /usr/bin/../lib/gcc/arm-none-eabi/12.3.1/thumb/v7e-m+fp/hard/libgcc.a(unwind-arm.o)
 .ARM.extab.text.__gnu_Unwind_Resume_or_Rethrow
                0x08002ff4        0x0 /usr/bin/../lib/gcc/arm-none-eabi/12.3.1/thumb/v7e-m+fp/hard/libgcc.a(unwind-arm.o)
 .ARM.extab.text._Unwind_Complete
                0x08002ff4        0x0 /usr/bin/../lib/gcc/arm-none-eabi/12.3.1/thumb/v7e-m+fp/hard/libgcc.a(unwind-arm.o)
 .ARM.extab.text._Unwind_DeleteException
                0x08002ff4        0x0 /usr/bin/../lib/gcc/arm-none-eabi/12.3.1/thumb/v7e-m+fp/hard/libgcc.a(unwind-arm.o)
 .ARM.extab.text._Unwind_VRS_Get
                0x08002ff4        0x0 /usr/bin/../lib/gcc/arm-none-eabi/12.3.1/thumb/v7e-m+fp/hard/libgcc.a(unwind-arm.o)
 .ARM.extab.text._Unwind_GetGR
                0x08002ff4        0x0 /usr/bin/../lib/gcc/arm-none-eabi/12.3.1/thumb/v7e-m+fp/hard/libgcc.a(unwind-arm.o)
 .ARM.extab.text._Unwind_VRS_Set
                0x08002ff4        0x0 /usr/bin/../lib/gcc/arm-none-eabi/12.3.1/thumb/v7e-m+fp/hard/libgcc.a(unwind-arm.o)
 .ARM.extab.text._Unwind_SetGR
                0x08002ff4        0x0 /usr/bin/../lib/gcc/arm-none-eabi/12.3.1/thumb/v7e-m+fp/hard/libgcc.a(unwind-arm.o)
 .ARM.extab.text.__gnu_Unwind_Backtrace
                0x08002ff4        0x0 /usr/bin/../lib/gcc/arm-none-eabi/12.3.1/thumb/v7e-m+fp/hard/libgcc.a(unwind-arm.o)
 .ARM.extab.text.__gnu_unwind_pr_common
                0x08002ff4        0x0 /usr/bin/../lib/gcc/arm-none-eabi/12.3.1/thumb/v7e-m+fp/hard/libgcc.a(unwind-arm.o)
 .ARM.extab.text.__aeabi_unwind_cpp_pr0
                0x08002ff4        0x0 /usr/bin/../lib/gcc/arm-none-eabi/12.3.1/thumb/v7e-m+fp/hard/libgcc.a(unwind-arm.o)
 .ARM.extab.text.__aeabi_unwind_cpp_pr1
                0x08002ff4        0x0 /usr/bin/../lib/gcc/arm-none-eabi/12.3.1/thumb/v7e-m+fp/hard/libgcc.a(unwind-arm.o)
 .ARM.extab.text.__aeabi_unwind_cpp_pr2
                0x08002ff4        0x0 /usr/bin/../lib/gcc/arm-none-eabi/12.3.1/thumb/v7e-m+fp/hard/libgcc.a(unwind-arm.o)
 .ARM.extab.text._Unwind_VRS_Pop
                0x08002ff4        0x0 /usr/bin/../lib/gcc/arm-none-eabi/12.3.1/thumb/v7e-m+fp/hard/libgcc.a(unwind-arm.o)
 .ARM.extab.text.next_unwind_byte
                0x08002ff4        0x0 /usr/bin/../lib/gcc/arm-none-eabi/12.3.1/thumb/v7e-m+fp/hard/libgcc.a(pr-support.o)
 .ARM.extab.text._Unwind_GetGR.constprop.0
                0x08002ff4        0x0 /usr/bin/../lib/gcc/arm-none-eabi/12.3.1/thumb/v7e-m+fp/hard/libgcc.a(pr-support.o)
 .ARM.extab.text.unwind_UCB_from_context
                0x08002ff4        0x0 /usr/bin/../lib/gcc/arm-none-eabi/12.3.1/thumb/v7e-m+fp/hard/libgcc.a(pr-support.o)
 .ARM.extab.text.__gnu_unwind_execute
                0x08002ff4        0x0 /usr/bin/../lib/gcc/arm-none-eabi/12.3.1/thumb/v7e-m+fp/hard/libgcc.a(pr-support.o)
 .ARM.extab.text.__gnu_unwind_frame
                0x08002ff4        0x0 /usr/bin/../lib/gcc/arm-none-eabi/12.3.1/thumb/v7e-m+fp/hard/libgcc.a(pr-support.o)
 .ARM.extab.text._Unwind_GetRegionStart
                0x08002ff4        0xc /usr/bin/../lib/gcc/arm-none-eabi/12.3.1/thumb/v7e-m+fp/hard/libgcc.a(pr-support.o)
 .ARM.extab.text._Unwind_GetLanguageSpecificData
                0x08003000        0xc /usr/bin/../lib/gcc/arm-none-eabi/12.3.1/thumb/v7e-m+fp/hard/libgcc.a(pr-support.o)
 .ARM.extab.text.unlikely._Unwind_GetDataRelBase
                0x0800300c        0x0 /usr/bin/../lib/gcc/arm-none-eabi/12.3.1/thumb/v7e-m+fp/hard/libgcc.a(pr-support.o)
 .ARM.extab.text.unlikely._Unwind_GetTextRelBase
                0x0800300c        0x0 /usr/bin/../lib/gcc/arm-none-eabi/12.3.1/thumb/v7e-m+fp/hard/libgcc.a(pr-support.o)

.ARM            0x0800300c      0x158
                0x0800300c                        __exidx_start = .
 *(.ARM.exidx*)
 .ARM.exidx     0x0800300c        0x8 /usr/bin/../lib/gcc/arm-none-eabi/12.3.1/../../../../arm-none-eabi/lib/thumb/v7e-m+fp/hard/crt0.o
                                 0x10 (size before relaxing)
 .ARM.exidx     0x08003014        0x0 /usr/bin/../lib/gcc/arm-none-eabi/12.3.1/../../../../arm-none-eabi/lib/thumb/v7e-m+fp/hard/libc_nano.a(libc_a-strcmp.o)
                                  0x8 (size before relaxing)
 .ARM.exidx.text._ZL20__gthread_key_deletei
                0x08003014        0x0 ../../Build/m7/m7/main_m7.o
                                  0x8 (size before relaxing)
 .ARM.exidx.text._ZN15InputPinHandlerIA2_PVmEC1ERA2_KS1_
                0x08003014        0x8 ../../Build/m7/m7/main_m7.o
 .ARM.exidx.text._ZN21PeripheralHandlerBaseIN5Utils8TypeListIJ4pairIL18InputPinProperties0EbES2_ILS3_1EiEEEEA2_PVm15InputPinHandlerIS9_EEC2Ev
                0x0800301c        0x8 ../../Build/m7/m7/main_m7.o
 .ARM.exidx.text._ZN20classMembersWithTagsIJ4pairIL18InputPinProperties0EbES0_ILS1_1EiEEEC1Ev
                0x08003024        0x8 ../../Build/m7/m7/main_m7.o
 .ARM.exidx.text._ZNSt5tupleIJbiEEC1ILb1ELb1EEEv
                0x0800302c        0x8 ../../Build/m7/m7/main_m7.o
 .ARM.exidx.text._ZNSt11_Tuple_implILj0EJbiEEC2Ev
                0x08003034        0x8 ../../Build/m7/m7/main_m7.o
 .ARM.exidx.text._ZNSt11_Tuple_implILj1EJiEEC2Ev
                0x0800303c        0x8 ../../Build/m7/m7/main_m7.o
 .ARM.exidx.text._ZNSt10_Head_baseILj1EiLb0EEC2Ev
                0x08003044        0x0 ../../Build/m7/m7/main_m7.o
                                  0x8 (size before relaxing)
 .ARM.exidx.text._ZNSt10_Head_baseILj0EbLb0EEC2Ev
                0x08003044        0x0 ../../Build/m7/m7/main_m7.o
                                  0x8 (size before relaxing)
 .ARM.exidx.text.main
                0x08003044        0x0 ../../Build/m7/m7/main_m7.o
                                  0x8 (size before relaxing)
 .ARM.exidx.text.SystemInit
                0x08003044        0x0 ../../Build/m7/m7/main_m7.o
                                  0x8 (size before relaxing)
 .ARM.exidx.text._ZN21PeripheralHandlerBaseIN5Utils8TypeListIJ4pairIL18InputPinProperties0EbES2_ILS3_1EiEEEEA2_PVm15InputPinHandlerIS9_EED2Ev
                0x08003044        0x0 ../../Build/m7/m7/main_m7.o
                                  0x8 (size before relaxing)
 .ARM.exidx.text._ZN15InputPinHandlerIA2_PVmED2Ev
                0x08003044        0x0 ../../Build/m7/m7/main_m7.o
                                  0x8 (size before relaxing)
 .ARM.exidx.text._Z41__static_initialization_and_destruction_0ii
                0x08003044        0x0 ../../Build/m7/m7/main_m7.o
                                  0x8 (size before relaxing)
 .ARM.exidx.text._ZN15InputPinHandlerIA2_PVmE4tempEv
                0x08003044        0x0 ../../Build/m7/m7/main_m7.o
                                  0x8 (size before relaxing)
 .ARM.exidx.text._GLOBAL__sub_I_a
                0x08003044        0x0 ../../Build/m7/m7/main_m7.o
                                  0x8 (size before relaxing)
 .ARM.exidx.text._GLOBAL__sub_D_a
                0x08003044        0x0 ../../Build/m7/m7/main_m7.o
                                  0x8 (size before relaxing)
 .ARM.exidx.text._sbrk
                0x08003044        0x8 ../../Build/m7/Common/sysmem.o
 .ARM.exidx.text.initialise_monitor_handles
                0x0800304c        0x8 ../../Build/m7/Common/syscalls.o
 .ARM.exidx.text._getpid
                0x08003054        0x0 ../../Build/m7/Common/syscalls.o
                                  0x8 (size before relaxing)
 .ARM.exidx.text._kill
                0x08003054        0x8 ../../Build/m7/Common/syscalls.o
 .ARM.exidx.text._exit
                0x0800305c        0x8 ../../Build/m7/Common/syscalls.o
 .ARM.exidx.text._read
                0x08003064        0x8 ../../Build/m7/Common/syscalls.o
 .ARM.exidx.text._write
                0x0800306c        0x8 ../../Build/m7/Common/syscalls.o
 .ARM.exidx.text._close
                0x08003074        0x8 ../../Build/m7/Common/syscalls.o
 .ARM.exidx.text._fstat
                0x0800307c        0x0 ../../Build/m7/Common/syscalls.o
                                  0x8 (size before relaxing)
 .ARM.exidx.text._isatty
                0x0800307c        0x0 ../../Build/m7/Common/syscalls.o
                                  0x8 (size before relaxing)
 .ARM.exidx.text._lseek
                0x0800307c        0x0 ../../Build/m7/Common/syscalls.o
                                  0x8 (size before relaxing)
 .ARM.exidx.text._open
                0x0800307c        0x0 ../../Build/m7/Common/syscalls.o
                                  0x8 (size before relaxing)
 .ARM.exidx.text._wait
                0x0800307c        0x8 ../../Build/m7/Common/syscalls.o
 .ARM.exidx.text._unlink
                0x08003084        0x8 ../../Build/m7/Common/syscalls.o
 .ARM.exidx.text._times
                0x0800308c        0x8 ../../Build/m7/Common/syscalls.o
 .ARM.exidx.text._stat
                0x08003094        0x0 ../../Build/m7/Common/syscalls.o
                                  0x8 (size before relaxing)
 .ARM.exidx.text._link
                0x08003094        0x8 ../../Build/m7/Common/syscalls.o
 .ARM.exidx.text._fork
                0x0800309c        0x8 ../../Build/m7/Common/syscalls.o
 .ARM.exidx.text._execve
                0x080030a4       0x10 ../../Build/m7/Common/syscalls.o
                                  0x8 (size before relaxing)
 .ARM.exidx.text.selfrel_offset31
                0x080030b4        0x0 /usr/bin/../lib/gcc/arm-none-eabi/12.3.1/thumb/v7e-m+fp/hard/libgcc.a(unwind-arm.o)
                                  0x8 (size before relaxing)
 .ARM.exidx.text.search_EIT_table
                0x080030b4        0x0 /usr/bin/../lib/gcc/arm-none-eabi/12.3.1/thumb/v7e-m+fp/hard/libgcc.a(unwind-arm.o)
                                  0x8 (size before relaxing)
 .ARM.exidx.text.__gnu_unwind_get_pr_addr
                0x080030b4        0x0 /usr/bin/../lib/gcc/arm-none-eabi/12.3.1/thumb/v7e-m+fp/hard/libgcc.a(unwind-arm.o)
                                  0x8 (size before relaxing)
 .ARM.exidx.text.get_eit_entry