/usr/arm-none-eabi/include/c++/12.3.1/arm-none-eabi/thumb/v7e-m+fp/hard/bits/gthr-default.h:229:1:int __gthread_key_delete(__gthread_key_t)	16	static
../../Core/Drivers/GPIO/InputPin.hh:23:28:constexpr InputPinHandler<RegisterAddresses>::InputPinHandler(const RegisterAddresses&) [with RegisterAddresses = volatile long unsigned int* [2]]	16	static
../../Core/Drivers/Base/PeripheralBaseHandler.hh:24:24:constexpr PeripheralHandlerBase<TypeList, RegisterAddresses, PeripheralHandler>::PeripheralHandlerBase() [with TypeList = Utils::TypeList<pair<InputPinProperties::pinState, bool>, pair<InputPinProperties::io, int> >; RegisterAddresses = volatile long unsigned int* [2]; PeripheralHandler = InputPinHandler<volatile long unsigned int* [2]>]	16	static
../../Core/Utils/ClassMembersWithTagHandler.hh:44:28:constexpr classMembersWithTags<Pairs>::classMembersWithTags() [with Pairs = {pair<InputPinProperties::pinState, bool>, pair<InputPinProperties::io, int>}]	16	static
/usr/arm-none-eabi/include/c++/12.3.1/tuple:1049:2:constexpr std::tuple<_T1, _T2>::tuple() [with bool _Dummy = true; typename std::enable_if<std::_TupleConstraints<_Dummy, _T1, _T2>::__is_implicitly_default_constructible(), bool>::type <anonymous> = true; _T1 = bool; _T2 = int]	16	static
/usr/arm-none-eabi/include/c++/12.3.1/tuple:279:17:>::_Tuple_impl() [with unsigned int _Idx = 0; _Head = bool; _Tail = {int}]	16	static
/usr/arm-none-eabi/include/c++/12.3.1/tuple:430:7:constexpr std::_Tuple_impl<_Idx, _Head>::_Tuple_impl() [with unsigned int _Idx = 1; _Head = int]	16	static
/usr/arm-none-eabi/include/c++/12.3.1/tuple:189:17:constexpr std::_Head_base<_Idx, _Head, false>::_Head_base() [with unsigned int _Idx = 1; _Head = int]	16	static
/usr/arm-none-eabi/include/c++/12.3.1/tuple:189:17:constexpr std::_Head_base<_Idx, _Head, false>::_Head_base() [with unsigned int _Idx = 0; _Head = bool]	16	static
../../Core/m7/main_m7.cpp:15:5:int main()	4	static
../../Core/m7/main_m7.cpp:27:6:void SystemInit()	4	static
../../Core/Drivers/Base/PeripheralBaseHandler.hh:26:5:PeripheralHandlerBase<TypeList, RegisterAddresses, PeripheralHandler>::~PeripheralHandlerBase() [with TypeList = Utils::TypeList<pair<InputPinProperties::pinState, bool>, pair<InputPinProperties::io, int> >; RegisterAddresses = volatile long unsigned int* [2]; PeripheralHandler = InputPinHandler<volatile long unsigned int* [2]>]	16	static
../../Core/Drivers/GPIO/InputPin.hh:18:7:InputPinHandler<volatile long unsigned int* [2]>::~InputPinHandler()	16	static
../../Core/m7/main_m7.cpp:30:1:void __static_initialization_and_destruction_0(int, int)	16	static
../../Core/Drivers/GPIO/InputPin.hh:21:14:void InputPinHandler<RegisterAddresses>::temp() [with RegisterAddresses = volatile long unsigned int* [2]]	16	static
../../Core/m7/main_m7.cpp:30:1:cpp)	8	static
../../Core/m7/main_m7.cpp:30:1:cpp)	8	static
